\BOOKMARK [1][-]{section.1}{\376\377\000S\000y\000m\000b\000o\000l\000\040\000T\000a\000b\000l\000e\000\040\000a\000n\000d\000\040\000S\000S\000O\000T\000\040\000C\000o\000n\000t\000r\000a\000c\000t}{}% 1
\BOOKMARK [1][-]{section.2}{\376\377\000C\000l\000a\000i\000m\000s\000\040\000a\000n\000d\000\040\000S\000t\000a\000t\000u\000s\000\040\000L\000e\000d\000g\000e\000r}{}% 2
\BOOKMARK [2][-]{subsection.2.1}{\376\377\000T\000h\000e\000\040\000D\000e\000p\000e\000n\000d\000e\000n\000c\000y\000\040\000D\000A\000G\000\040\000\050\000A\000u\000d\000i\000t\000a\000b\000i\000l\000i\000t\000y\000\051}{section.2}% 3
\BOOKMARK [2][-]{subsection.2.2}{\376\377\000F\000o\000r\000m\000a\000l\000\040\000P\000r\000o\000o\000f\000-\000C\000a\000r\000r\000y\000i\000n\000g\000\040\000C\000l\000a\000i\000m\000\040\000O\000b\000j\000e\000c\000t\000s}{section.2}% 4
\BOOKMARK [2][-]{subsection.2.3}{\376\377\000A\000u\000d\000i\000t\000\040\000o\000f\000\040\000C\000u\000r\000r\000e\000n\000t\000\040\000C\000l\000a\000i\000m\000s\000\040\000A\000g\000a\000i\000n\000s\000t\000\040\000N\000e\000w\000\040\000R\000u\000l\000e\000s}{section.2}% 5
\BOOKMARK [1][-]{section.3}{\376\377\000T\000h\000e\000\040\000C\000u\000r\000v\000a\000t\000u\000r\000e\000\040\000F\000o\000r\000k\000:\000\040\000A\000v\000o\000i\000d\000i\000n\000g\000\040\000C\000a\000t\000e\000g\000o\000r\000y\000\040\000E\000r\000r\000o\000r\000s}{}% 6
\BOOKMARK [2][-]{subsection.3.1}{\376\377\000T\000h\000r\000e\000e\000\040\000D\000i\000s\000t\000i\000n\000c\000t\000\040\000C\000u\000r\000v\000a\000t\000u\000r\000e\000\040\000O\000b\000j\000e\000c\000t\000s}{section.3}% 7
\BOOKMARK [2][-]{subsection.3.2}{\376\377\000T\000h\000e\000\040\000F\000u\000n\000d\000a\000m\000e\000n\000t\000a\000l\000\040\000D\000i\000s\000t\000i\000n\000c\000t\000i\000o\000n}{section.3}% 8
\BOOKMARK [2][-]{subsection.3.3}{\376\377\000E\000x\000p\000l\000i\000c\000i\000t\000\040\000F\000u\000n\000c\000t\000o\000r\000\040\000D\000e\000f\000i\000n\000i\000t\000i\000o\000n\000s\000\040\000\050\000W\000h\000e\000n\000\040\000T\000h\000e\000y\000\040\000E\000x\000i\000s\000t\000\051}{section.3}% 9
\BOOKMARK [2][-]{subsection.3.4}{\376\377\000C\000o\000n\000s\000e\000q\000u\000e\000n\000c\000e\000s\000\040\000f\000o\000r\000\040\000C\000l\000a\000i\000m\000s\000\040\000A\000b\000o\000u\000t\000\040\000`\000`\000C\000u\000r\000v\000a\000t\000u\000r\000e\000\040\041\222\000\040\000Q\000u\000a\000l\000i\000a\000'\000'}{section.3}% 10
\BOOKMARK [2][-]{subsection.3.5}{\376\377\000I\000m\000p\000l\000e\000m\000e\000n\000t\000a\000t\000i\000o\000n\000\040\000i\000n\000\040\000t\000h\000e\000\040\000F\000r\000a\000m\000e\000w\000o\000r\000k}{section.3}% 11
\BOOKMARK [1][-]{section.4}{\376\377\000I\000n\000t\000r\000o\000d\000u\000c\000t\000i\000o\000n\000:\000\040\000T\000h\000e\000\040\000I\000n\000f\000o\000r\000m\000a\000t\000i\000o\000n\000\040\000P\000i\000v\000o\000t}{}% 12
\BOOKMARK [2][-]{subsection.4.1}{\376\377\000T\000h\000e\000\040\000C\000r\000i\000s\000i\000s\000\040\000o\000f\000\040\000M\000o\000n\000o\000l\000i\000t\000h\000i\000c\000\040\000O\000n\000t\000o\000l\000o\000g\000y}{section.4}% 13
\BOOKMARK [2][-]{subsection.4.2}{\376\377\000I\000n\000t\000e\000l\000l\000e\000c\000t\000u\000a\000l\000\040\000L\000i\000n\000e\000a\000g\000e}{section.4}% 14
\BOOKMARK [1][-]{section.5}{\376\377\000T\000h\000e\000\040\000L\000a\000y\000e\000r\000e\000d\000\040\000A\000r\000c\000h\000i\000t\000e\000c\000t\000u\000r\000e\000\040\000\050\000V\000i\000s\000u\000a\000l\000\040\000O\000v\000e\000r\000v\000i\000e\000w\000\051}{}% 15
\BOOKMARK [1][-]{section.6}{\376\377\000T\000h\000e\000\040\000A\000l\000g\000o\000r\000i\000t\000h\000m\000i\000c\000\040\000F\000o\000u\000n\000d\000a\000t\000i\000o\000n\000\040\000o\000f\000\040\000N\000e\000c\000e\000s\000s\000i\000t\000y}{}% 16
\BOOKMARK [2][-]{subsection.6.1}{\376\377\000T\000h\000e\000\040\000U\000n\000i\000v\000e\000r\000s\000a\000l\000\040\000C\000o\000s\000t\000\040\000F\000u\000n\000c\000t\000i\000o\000n\000a\000l\000:\000\040\000A\000l\000g\000o\000r\000i\000t\000h\000m\000i\000c\000\040\000C\000o\000m\000p\000l\000e\000x\000i\000t\000y}{section.6}% 17
\BOOKMARK [2][-]{subsection.6.2}{\376\377\000D\000e\000r\000i\000v\000i\000n\000g\000\040\000t\000h\000e\000\040\000Q\000u\000a\000d\000r\000a\000t\000i\000c\000\040\000S\000t\000r\000a\000i\000n\000\040\000F\000u\000n\000c\000t\000i\000o\000n\000a\000l}{section.6}% 18
\BOOKMARK [1][-]{section.7}{\376\377\000T\000h\000e\000\040\000D\000e\000p\000e\000n\000d\000e\000n\000c\000y\000\040\000D\000A\000G\000\040\000\050\000C\000a\000u\000s\000a\000l\000\040\000C\000l\000o\000s\000u\000r\000e\000\051}{}% 19
\BOOKMARK [1][-]{section.8}{\376\377\000T\000r\000a\000c\000k\000\040\000A\000:\000\040\000A\000x\000i\000o\000m\000a\000t\000i\000c\000\040\000F\000o\000u\000n\000d\000a\000t\000i\000o\000n\000s\000\040\000a\000n\000d\000\040\000S\000S\000O\000T\000\040\000C\000o\000n\000t\000r\000a\000c\000t}{}% 20
\BOOKMARK [2][-]{subsection.8.1}{\376\377\000T\000h\000e\000\040\000F\000o\000u\000r\000-\000L\000a\000y\000e\000r\000\040\000O\000n\000t\000o\000l\000o\000g\000y\000\040\000\050\000T\000h\000e\000\040\000S\000t\000a\000c\000k\000\051}{section.8}% 21
\BOOKMARK [2][-]{subsection.8.2}{\376\377\000T\000h\000e\000\040\000T\000y\000p\000e\000d\000\040\000L\000a\000y\000e\000r\000\040\000C\000a\000l\000c\000u\000l\000u\000s}{section.8}% 22
\BOOKMARK [2][-]{subsection.8.3}{\376\377\000N\000o\000t\000a\000t\000i\000o\000n\000\040\000a\000n\000d\000\040\000D\000i\000m\000e\000n\000s\000i\000o\000n\000a\000l\000\040\000B\000r\000i\000d\000g\000e}{section.8}% 23
\BOOKMARK [1][-]{section.9}{\376\377\000T\000r\000a\000c\000k\000\040\0001\000:\000\040\000F\000o\000r\000m\000a\000l\000\040\000T\000o\000y\000\040\000M\000o\000d\000e\000l\000s}{}% 24
\BOOKMARK [2][-]{subsection.9.1}{\376\377\000L\000e\000m\000m\000a\000:\000\040\000I\000R\000\040\000C\000o\000n\000s\000i\000s\000t\000e\000n\000c\000y\000\040\000w\000i\000t\000h\000\040\000L\000o\000v\000e\000l\000o\000c\000k\000\040\000u\000n\000d\000e\000r\000\040\000M\000e\000t\000r\000i\000c\000-\000O\000n\000l\000y\000\040\000A\000s\000s\000u\000m\000p\000t\000i\000o\000n\000s}{section.9}% 25
\BOOKMARK [2][-]{subsection.9.2}{\376\377\000E\000x\000p\000l\000i\000c\000i\000t\000\040\000T\000o\000y\000\040\000M\000o\000d\000e\000l\000:\000\040\000P\000o\000i\000s\000s\000o\000n\000\040\000G\000r\000a\000v\000i\000t\000y\000\040\000f\000r\000o\000m\000\040\000L\000a\000t\000e\000n\000c\000y\000\040\000M\000i\000n\000i\000m\000i\000z\000a\000t\000i\000o\000n}{section.9}% 26
\BOOKMARK [2][-]{subsection.9.3}{\376\377\000D\000e\000r\000i\000v\000i\000n\000g\000\040\000t\000h\000e\000\040\000V\000a\000c\000u\000u\000m\000\040\000E\000i\000n\000s\000t\000e\000i\000n\000\040\000E\000q\000u\000a\000t\000i\000o\000n\000s\000\040\000\050\000R\000a\000b\000=\0000\000\051}{section.9}% 27
\BOOKMARK [2][-]{subsection.9.4}{\376\377\000S\000t\000a\000b\000i\000l\000i\000t\000y\000\040\000U\000n\000d\000e\000r\000\040\000S\000u\000b\000s\000t\000r\000a\000t\000e\000\040\000I\000r\000r\000e\000g\000u\000l\000a\000r\000i\000t\000y}{section.9}% 28
\BOOKMARK [1][-]{section.10}{\376\377\000T\000h\000e\000\040\000U\000n\000i\000v\000e\000r\000s\000a\000l\000\040\000O\000p\000e\000r\000a\000t\000i\000n\000g\000\040\000S\000y\000s\000t\000e\000m\000\040\000\050\000U\000O\000S\000\051\000:\000\040\000R\000e\000s\000o\000u\000r\000c\000e\000\040\000M\000a\000n\000a\000g\000e\000m\000e\000n\000t\000\040\000a\000n\000d\000\040\000C\000o\000n\000s\000c\000i\000o\000u\000s\000n\000e\000s\000s}{}% 29
\BOOKMARK [2][-]{subsection.10.1}{\376\377\000T\000h\000e\000\040\000C\000o\000m\000p\000u\000t\000a\000t\000i\000o\000n\000a\000l\000\040\000B\000u\000d\000g\000e\000t\000\040\000a\000n\000d\000\040\000t\000h\000e\000\040\000P\000l\000a\000n\000c\000k\000\040\000L\000i\000m\000i\000t}{section.10}% 30
\BOOKMARK [2][-]{subsection.10.2}{\376\377\000I\000n\000t\000e\000r\000r\000u\000p\000t\000\040\000P\000r\000i\000o\000r\000i\000t\000y\000\040\000L\000e\000v\000e\000l\000s\000\040\000\050\000I\000P\000L\000\051\000\040\000a\000n\000d\000\040\000C\000o\000n\000s\000c\000i\000o\000u\000s\000n\000e\000s\000s}{section.10}% 31
\BOOKMARK [2][-]{subsection.10.3}{\376\377\000T\000h\000e\000\040\000G\000e\000o\000m\000e\000t\000r\000i\000c\000\040\000I\000n\000t\000e\000r\000r\000u\000p\000t\000\040\000V\000e\000c\000t\000o\000r}{section.10}% 32
\BOOKMARK [2][-]{subsection.10.4}{\376\377\000T\000h\000e\000\040\000P\000h\000e\000n\000o\000m\000e\000n\000a\000l\000\040\000I\000n\000t\000e\000r\000r\000u\000p\000t\000\040\000V\000e\000c\000t\000o\000r\000\040\000T\000a\000b\000l\000e}{section.10}% 33
\BOOKMARK [1][-]{section.11}{\376\377\000P\000a\000r\000t\000i\000c\000l\000e\000\040\000E\000m\000e\000r\000g\000e\000n\000c\000e\000:\000\040\000T\000h\000e\000\040\000L\000a\000t\000t\000i\000c\000e\000\040\000D\000e\000f\000e\000c\000t\000\040\000M\000o\000d\000e\000l}{}% 34
\BOOKMARK [2][-]{subsection.11.1}{\376\377\000T\000h\000e\000\040\000L\000e\000e\000c\000h\000\040\000S\000e\000l\000e\000c\000t\000i\000o\000n\000\040\000P\000r\000i\000n\000c\000i\000p\000l\000e\000:\000\040\000C\000o\000m\000p\000u\000t\000a\000t\000i\000o\000n\000a\000l\000\040\000M\000i\000n\000i\000m\000a\000l\000i\000t\000y}{section.11}% 35
\BOOKMARK [2][-]{subsection.11.2}{\376\377\000U\000n\000i\000q\000u\000e\000n\000e\000s\000s\000\040\000a\000n\000d\000\040\000S\000t\000a\000b\000i\000l\000i\000t\000y\000\040\000o\000f\000\040\000t\000h\000e\000\040\000d\000e\000l\000t\000a\000\137\000e\000\040\000D\000e\000f\000e\000c\000t}{section.11}% 36
\BOOKMARK [1][-]{section.12}{\376\377\000C\000a\000s\000e\000\040\000S\000t\000u\000d\000y\000:\000\040\000T\000h\000e\000\040\000E\000l\000e\000c\000t\000r\000o\000n\000\040\000a\000s\000\040\000a\000\040\000L\000a\000t\000t\000i\000c\000e\000\040\000D\000e\000f\000e\000c\000t}{}% 37
\BOOKMARK [2][-]{subsection.12.1}{\376\377\000U\000n\000i\000q\000u\000e\000n\000e\000s\000s\000\040\000a\000n\000d\000\040\000S\000t\000a\000b\000i\000l\000i\000t\000y\000\040\000o\000f\000\040\000t\000h\000e\000\040\000e\000\040\000D\000e\000f\000e\000c\000t}{section.12}% 38
\BOOKMARK [2][-]{subsection.12.2}{\376\377\000T\000h\000e\000\040\000A\0001\0002\0004\000\040\000N\000i\000e\000m\000e\000i\000e\000r\000\040\000S\000u\000b\000s\000t\000r\000a\000t\000e}{section.12}% 39
\BOOKMARK [2][-]{subsection.12.3}{\376\377\000T\000h\000e\000\040\000E\000l\000e\000c\000t\000r\000o\000n\000\040\000D\000e\000f\000e\000c\000t\000\040\000\050\000e\000\051}{section.12}% 40
\BOOKMARK [2][-]{subsection.12.4}{\376\377\000T\000h\000e\000\040\000F\000i\000n\000e\000\040\000S\000t\000r\000u\000c\000t\000u\000r\000e\000\040\000C\000o\000n\000s\000t\000a\000n\000t\000\040\000\050\000\051}{section.12}% 41
\BOOKMARK [1][-]{section.13}{\376\377\000T\000h\000e\000\040\000N\000i\000e\000m\000e\000i\000e\000r\000\040\000M\000a\000p\000p\000i\000n\000g\000\040\000a\000n\000d\000\040\000G\000a\000u\000g\000e\000\040\000E\000m\000e\000r\000g\000e\000n\000c\000e}{}% 42
\BOOKMARK [2][-]{subsection.13.1}{\376\377\000T\000h\000e\000\040\000M\000c\000K\000a\000y\000\040\000C\000o\000r\000r\000e\000s\000p\000o\000n\000d\000e\000n\000c\000e\000\040\000a\000n\000d\000\040\000G\000a\000u\000g\000e\000\040\000F\000o\000r\000c\000e}{section.13}% 43
\BOOKMARK [2][-]{subsection.13.2}{\376\377\000T\000h\000e\000\040\000C\000r\000y\000s\000t\000a\000l\000l\000i\000z\000a\000t\000i\000o\000n\000\040\000F\000u\000n\000c\000t\000o\000r}{section.13}% 44
\BOOKMARK [2][-]{subsection.13.3}{\376\377\000E\000m\000e\000r\000g\000e\000n\000c\000e\000\040\000o\000f\000\040\000t\000h\000e\000\040\000S\000t\000a\000n\000d\000a\000r\000d\000\040\000M\000o\000d\000e\000l\000\040\000\050\000C\000o\000n\000t\000i\000n\000u\000u\000m\000\040\000L\000i\000m\000i\000t\000\051}{section.13}% 45
\BOOKMARK [2][-]{subsection.13.4}{\376\377\000T\000h\000e\000\040\000H\000y\000d\000r\000o\000d\000y\000n\000a\000m\000i\000c\000\040\000L\000i\000m\000i\000t}{section.13}% 46
\BOOKMARK [1][-]{section.14}{\376\377\000T\000r\000a\000c\000k\000\040\0002\000:\000\040\000S\000p\000e\000c\000u\000l\000a\000t\000i\000v\000e\000\040\000R\000e\000s\000e\000a\000r\000c\000h}{}% 47
\BOOKMARK [2][-]{subsection.14.1}{\376\377\000T\000o\000p\000o\000s\000-\000T\000h\000e\000o\000r\000e\000t\000i\000c\000\040\000Q\000u\000a\000l\000i\000a\000\040\000\050\000F\000o\000u\000n\000d\000a\000t\000i\000o\000n\000s\000\051}{section.14}% 48
\BOOKMARK [1][-]{section.15}{\376\377\000T\000h\000e\000\040\000T\000o\000p\000o\000s\000\040\000D\000i\000c\000t\000i\000o\000n\000a\000r\000y\000\040\000o\000f\000\040\000P\000h\000e\000n\000o\000m\000e\000n\000a\000l\000\040\000C\000a\000t\000e\000g\000o\000r\000i\000e\000s}{}% 49
\BOOKMARK [2][-]{subsection.15.1}{\376\377\000A\000d\000d\000r\000e\000s\000s\000i\000n\000g\000\040\000D\000e\000g\000e\000n\000e\000r\000a\000c\000y\000:\000\040\000H\000i\000g\000h\000e\000r\000-\000O\000r\000d\000e\000r\000\040\000I\000n\000v\000a\000r\000i\000a\000n\000t\000s}{section.15}% 50
\BOOKMARK [2][-]{subsection.15.2}{\376\377\000T\000h\000e\000\040\000C\000u\000r\000v\000a\000t\000u\000r\000e\000\040\000F\000o\000r\000k\000:\000\040\000P\000h\000y\000s\000i\000c\000a\000l\000\040\000v\000s\000.\000\040\000I\000n\000f\000o\000r\000m\000a\000t\000i\000o\000n\000a\000l}{section.15}% 51
\BOOKMARK [2][-]{subsection.15.3}{\376\377\000O\000p\000e\000r\000a\000t\000i\000o\000n\000a\000l\000\040\000M\000a\000p\000:\000\040\000T\000h\000e\000\040\000B\000a\000y\000e\000s\000i\000a\000n\000\040\000O\000b\000s\000e\000r\000v\000e\000r}{section.15}% 52
\BOOKMARK [2][-]{subsection.15.4}{\376\377\000T\000h\000e\000\040\000C\000u\000r\000v\000a\000t\000u\000r\000e\000-\000Q\000u\000a\000l\000i\000a\000\040\000M\000a\000p\000p\000i\000n\000g}{section.15}% 53
\BOOKMARK [2][-]{subsection.15.5}{\376\377\000T\000h\000e\000\040\000P\000h\000e\000n\000o\000m\000e\000n\000a\000l\000\040\000M\000e\000t\000r\000i\000c}{section.15}% 54
\BOOKMARK [2][-]{subsection.15.6}{\376\377\000T\000h\000e\000\040\000H\000e\000y\000t\000i\000n\000g\000\040\000A\000l\000g\000e\000b\000r\000a\000\040\000o\000f\000\040\000Q\000u\000a\000l\000i\000a}{section.15}% 55
\BOOKMARK [1][-]{section.16}{\376\377\000T\000h\000e\000\040\000T\000o\000p\000o\000s\000\040\000o\000f\000\040\000F\000o\000r\000b\000i\000d\000d\000e\000n\000\040\000E\000x\000p\000e\000r\000i\000e\000n\000c\000e}{}% 56
\BOOKMARK [2][-]{subsection.16.1}{\376\377\000I\000n\000j\000e\000c\000t\000i\000v\000i\000t\000y\000\040\000a\000n\000d\000\040\000F\000o\000r\000b\000i\000d\000d\000e\000n\000\040\000Q\000u\000a\000l\000i\000a}{section.16}% 57
\BOOKMARK [1][-]{section.17}{\376\377\000T\000h\000e\000\040\000O\000u\000r\000o\000b\000o\000r\000i\000c\000\040\000C\000l\000o\000s\000u\000r\000e}{}% 58
\BOOKMARK [2][-]{subsection.17.1}{\376\377\000T\000h\000e\000\040\000S\000e\000l\000e\000c\000t\000i\000o\000n\000\040\000P\000r\000i\000n\000c\000i\000p\000l\000e\000:\000\040\000C\000o\000m\000p\000u\000t\000a\000t\000i\000o\000n\000a\000l\000\040\000M\000i\000n\000i\000m\000a\000l\000i\000t\000y}{section.17}% 59
\BOOKMARK [2][-]{subsection.17.2}{\376\377\000D\000y\000n\000a\000m\000i\000c\000a\000l\000\040\000C\000o\000n\000v\000e\000r\000g\000e\000n\000c\000e\000\040\000t\000o\000\040\000t\000h\000e\000\040\000F\000i\000x\000e\000d\000\040\000P\000o\000i\000n\000t}{section.17}% 60
\BOOKMARK [1][-]{section.18}{\376\377\000T\000h\000e\000\040\000K\000i\000l\000l\000-\000S\000w\000i\000t\000c\000h\000:\000\040\000F\000a\000l\000s\000i\000f\000i\000c\000a\000t\000i\000o\000n\000\040\000b\000y\000\040\000A\000l\000i\000a\000s\000i\000n\000g}{}% 61
\BOOKMARK [2][-]{subsection.18.1}{\376\377\000T\000h\000e\000\040\000N\000y\000q\000u\000i\000s\000t\000\040\000C\000u\000t\000o\000f\000f\000\040\000f\000o\000r\000\040\000G\000r\000a\000v\000i\000t\000a\000t\000i\000o\000n\000a\000l\000\040\000W\000a\000v\000e\000s}{section.18}% 62
\BOOKMARK [1][-]{section.19}{\376\377\000F\000a\000l\000s\000i\000f\000i\000a\000b\000i\000l\000i\000t\000y\000\040\000M\000a\000p\000\040\000a\000n\000d\000\040\000M\000e\000a\000s\000u\000r\000e\000m\000e\000n\000t\000\040\000P\000r\000o\000t\000o\000c\000o\000l\000s}{}% 63
\BOOKMARK [2][-]{subsection.19.1}{\376\377\000F\000o\000r\000w\000a\000r\000d\000\040\000C\000o\000s\000m\000o\000l\000o\000g\000i\000c\000a\000l\000\040\000P\000r\000e\000d\000i\000c\000t\000i\000o\000n\000s}{section.19}% 64
\BOOKMARK [2][-]{subsection.19.2}{\376\377\000D\000e\000r\000i\000v\000a\000t\000i\000o\000n\000\040\000o\000f\000\040\000t\000h\000e\000\040\000D\000a\000r\000k\000\040\000M\000a\000t\000t\000e\000r\000\040\000R\000a\000t\000i\000o\000\040\000F\000o\000r\000m\000u\000l\000a\000\040\000\050\000R\000e\000v\000i\000s\000e\000d\000\051}{section.19}% 65
\BOOKMARK [3][-]{subsubsection.19.2.1}{\376\377\000S\000t\000r\000u\000c\000t\000u\000r\000a\000l\000\040\000O\000r\000i\000g\000i\000n\000\040\000o\000f\000\040\000t\000h\000e\000\040\000C\000o\000n\000s\000t\000a\000n\000t\000\040\0005}{subsection.19.2}% 66
\BOOKMARK [3][-]{subsubsection.19.2.2}{\376\377\000D\000e\000r\000i\000v\000a\000t\000i\000o\000n\000\040\000o\000f\000\040\000t\000h\000e\000\040\000E\000x\000p\000o\000n\000e\000n\000t\000i\000a\000l\000\040\000T\000e\000r\000m\000\040\000f\000r\000o\000m\000\040\000P\000o\000i\000s\000s\000o\000n\000\040\000S\000t\000a\000t\000i\000s\000t\000i\000c\000s}{subsection.19.2}% 67
\BOOKMARK [3][-]{subsubsection.19.2.3}{\376\377\000N\000a\000t\000u\000r\000a\000l\000\040\000S\000c\000a\000l\000e\000\040\000=\000\040\0001}{subsection.19.2}% 68
\BOOKMARK [3][-]{subsubsection.19.2.4}{\376\377\000I\000n\000d\000e\000p\000e\000n\000d\000e\000n\000t\000\040\000T\000e\000s\000t\000a\000b\000l\000e\000\040\000P\000r\000e\000d\000i\000c\000t\000i\000o\000n}{subsection.19.2}% 69
\BOOKMARK [3][-]{subsubsection.19.2.5}{\376\377\000U\000p\000d\000a\000t\000e\000d\000\040\000S\000t\000a\000t\000u\000s\000:\000\040\000T\000o\000y\000\040\000M\000o\000d\000e\000l\000\040\000R\000e\000s\000u\000l\000t}{subsection.19.2}% 70
\BOOKMARK [2][-]{subsection.19.3}{\376\377\000M\000e\000a\000s\000u\000r\000e\000m\000e\000n\000t\000\040\000M\000a\000p\000:\000\040\000T\000h\000e\000\040\000E\000l\000e\000c\000t\000r\000o\000n\000\040\000a\000s\000\040\000a\000\040\000L\000a\000t\000t\000i\000c\000e\000\040\000D\000e\000f\000e\000c\000t}{section.19}% 71
\BOOKMARK [2][-]{subsection.19.4}{\376\377\000M\000e\000a\000s\000u\000r\000e\000m\000e\000n\000t\000\040\000M\000a\000p\000:\000\040\000G\000r\000a\000v\000i\000t\000a\000t\000i\000o\000n\000a\000l\000\040\000L\000a\000t\000e\000n\000c\000y}{section.19}% 72
\BOOKMARK [1][-]{section.20}{\376\377\000D\000e\000r\000i\000v\000a\000t\000i\000o\000n\000\040\000L\000e\000d\000g\000e\000r\000\040\000a\000n\000d\000\040\000R\000e\000p\000r\000o\000d\000u\000c\000i\000b\000i\000l\000i\000t\000y}{}% 73
\BOOKMARK [2][-]{subsection.20.1}{\376\377\000P\000l\000a\000n\000c\000k\000\040\0002\0000\0001\0008\000\040\000A\000u\000d\000i\000t\000\040\000\050\000R\000e\000p\000r\000o\000d\000u\000c\000i\000b\000i\000l\000i\000t\000y\000\040\000H\000o\000o\000k\000\051}{section.20}% 74
\BOOKMARK [2][-]{subsection.20.2}{\376\377\000P\000r\000e\000d\000i\000c\000t\000i\000o\000n\000:\000\040\000C\000o\000s\000m\000i\000c\000\040\000I\000n\000v\000a\000r\000i\000a\000n\000c\000e\000\040\000o\000f\000\040\000t\000h\000e\000\040\000D\000M\000\040\000R\000a\000t\000i\000o}{section.20}% 75
\BOOKMARK [2][-]{subsection.20.3}{\376\377\000G\000e\000o\000d\000e\000s\000i\000c\000\040\000A\000c\000c\000e\000l\000e\000r\000a\000t\000i\000o\000n\000\040\000D\000e\000r\000i\000v\000a\000t\000i\000o\000n}{section.20}% 76
\BOOKMARK [2][-]{subsection.20.4}{\376\377\000O\000p\000e\000r\000a\000t\000i\000o\000n\000a\000l\000i\000z\000i\000n\000g\000\040\000t\000h\000e\000\040\000U\000n\000i\000v\000e\000r\000s\000a\000l\000\040\000C\000l\000o\000c\000k\000\040\000f\000U}{section.20}% 77
\BOOKMARK [2][-]{subsection.20.5}{\376\377\000T\000h\000e\000\040\000O\000u\000r\000o\000b\000o\000r\000i\000c\000\040\000F\000i\000x\000e\000d\000\040\000P\000o\000i\000n\000t\000\040\000P\000r\000o\000o\000f}{section.20}% 78
\BOOKMARK [2][-]{subsection.20.6}{\376\377\000I\000n\000f\000o\000r\000m\000a\000t\000i\000o\000n\000-\000T\000h\000e\000o\000r\000e\000t\000i\000c\000\040\000D\000e\000r\000i\000v\000a\000t\000i\000o\000n\000\040\000o\000f\000\040\000t\000h\000e\000\040\000P\000l\000a\000n\000c\000k\000\040\000S\000c\000a\000l\000e}{section.20}% 79
\BOOKMARK [2][-]{subsection.20.7}{\376\377\000T\000h\000e\000\040\000D\000e\000r\000i\000v\000a\000t\000i\000o\000n\000\040\000L\000e\000d\000g\000e\000r\000\040\000\050\000C\000P\000U\000\040\000I\000n\000v\000a\000r\000i\000a\000n\000t\000\040\000A\000u\000d\000i\000t\000\051}{section.20}% 80
\BOOKMARK [1][-]{section.21}{\376\377\000A\000p\000p\000e\000n\000d\000i\000x\000:\000\040\000C\000a\000l\000i\000b\000r\000a\000t\000i\000o\000n\000\040\000a\000n\000d\000\040\000A\000n\000s\000\344\000t\000z\000e}{}% 81
\BOOKMARK [2][-]{subsection.21.1}{\376\377\000T\000h\000e\000\040\000G\000r\000a\000v\000i\000t\000a\000t\000i\000o\000n\000a\000l\000\040\000C\000o\000n\000s\000t\000a\000n\000t\000\040\000G\000\040\000f\000r\000o\000m\000\040\000|\000C\000o\0000\000|}{section.21}% 82
\BOOKMARK [2][-]{subsection.21.2}{\376\377\000U\000n\000i\000t\000s\000\040\000A\000u\000d\000i\000t\000\040\000\050\000D\000i\000m\000e\000n\000s\000i\000o\000n\000a\000l\000\040\000A\000n\000a\000l\000y\000s\000i\000s\000\051}{section.21}% 83
\BOOKMARK [1][-]{section.22}{\376\377\000V\000e\000r\000i\000f\000i\000c\000a\000t\000i\000o\000n\000\040\000A\000r\000t\000i\000f\000a\000c\000t\000s}{}% 84
\BOOKMARK [1][-]{table.5}{\376\377\000A\000p\000p\000e\000n\000d\000i\000x\000:\000\040\000D\000M\000-\000r\000a\000t\000i\000o\000\040\000s\000e\000n\000s\000i\000t\000i\000v\000i\000t\000y\000\040\000\050\000v\0005\000.\0002\000\051}{}% 85
