\BOOKMARK [1][-]{section.1}{\376\377\000S\000y\000m\000b\000o\000l\000\040\000T\000a\000b\000l\000e\000\040\000a\000n\000d\000\040\000S\000S\000O\000T\000\040\000C\000o\000n\000t\000r\000a\000c\000t}{}% 1
\BOOKMARK [1][-]{section.2}{\376\377\000C\000l\000a\000i\000m\000s\000\040\000a\000n\000d\000\040\000S\000t\000a\000t\000u\000s\000\040\000L\000e\000d\000g\000e\000r}{}% 2
\BOOKMARK [2][-]{subsection.2.1}{\376\377\000T\000h\000e\000\040\000D\000e\000p\000e\000n\000d\000e\000n\000c\000y\000\040\000D\000A\000G\000\040\000\050\000A\000u\000d\000i\000t\000a\000b\000i\000l\000i\000t\000y\000\051}{section.2}% 3
\BOOKMARK [1][-]{section.3}{\376\377\000I\000n\000t\000r\000o\000d\000u\000c\000t\000i\000o\000n\000:\000\040\000T\000h\000e\000\040\000I\000n\000f\000o\000r\000m\000a\000t\000i\000o\000n\000\040\000P\000i\000v\000o\000t}{}% 4
\BOOKMARK [2][-]{subsection.3.1}{\376\377\000T\000h\000e\000\040\000C\000r\000i\000s\000i\000s\000\040\000o\000f\000\040\000M\000o\000n\000o\000l\000i\000t\000h\000i\000c\000\040\000O\000n\000t\000o\000l\000o\000g\000y}{section.3}% 5
\BOOKMARK [2][-]{subsection.3.2}{\376\377\000I\000n\000t\000e\000l\000l\000e\000c\000t\000u\000a\000l\000\040\000L\000i\000n\000e\000a\000g\000e}{section.3}% 6
\BOOKMARK [1][-]{section.4}{\376\377\000T\000h\000e\000\040\000L\000a\000y\000e\000r\000e\000d\000\040\000A\000r\000c\000h\000i\000t\000e\000c\000t\000u\000r\000e\000\040\000\050\000V\000i\000s\000u\000a\000l\000\040\000O\000v\000e\000r\000v\000i\000e\000w\000\051}{}% 7
\BOOKMARK [1][-]{section.5}{\376\377\000T\000h\000e\000\040\000A\000l\000g\000o\000r\000i\000t\000h\000m\000i\000c\000\040\000F\000o\000u\000n\000d\000a\000t\000i\000o\000n\000\040\000o\000f\000\040\000N\000e\000c\000e\000s\000s\000i\000t\000y}{}% 8
\BOOKMARK [2][-]{subsection.5.1}{\376\377\000T\000h\000e\000\040\000U\000n\000i\000v\000e\000r\000s\000a\000l\000\040\000C\000o\000s\000t\000\040\000F\000u\000n\000c\000t\000i\000o\000n\000a\000l\000:\000\040\000A\000l\000g\000o\000r\000i\000t\000h\000m\000i\000c\000\040\000C\000o\000m\000p\000l\000e\000x\000i\000t\000y}{section.5}% 9
\BOOKMARK [2][-]{subsection.5.2}{\376\377\000D\000e\000r\000i\000v\000i\000n\000g\000\040\000t\000h\000e\000\040\000Q\000u\000a\000d\000r\000a\000t\000i\000c\000\040\000S\000t\000r\000a\000i\000n\000\040\000F\000u\000n\000c\000t\000i\000o\000n\000a\000l}{section.5}% 10
\BOOKMARK [1][-]{section.6}{\376\377\000T\000h\000e\000\040\000D\000e\000p\000e\000n\000d\000e\000n\000c\000y\000\040\000D\000A\000G\000\040\000\050\000C\000a\000u\000s\000a\000l\000\040\000C\000l\000o\000s\000u\000r\000e\000\051}{}% 11
\BOOKMARK [1][-]{section.7}{\376\377\000T\000r\000a\000c\000k\000\040\000A\000:\000\040\000A\000x\000i\000o\000m\000a\000t\000i\000c\000\040\000F\000o\000u\000n\000d\000a\000t\000i\000o\000n\000s\000\040\000a\000n\000d\000\040\000S\000S\000O\000T\000\040\000C\000o\000n\000t\000r\000a\000c\000t}{}% 12
\BOOKMARK [2][-]{subsection.7.1}{\376\377\000T\000h\000e\000\040\000F\000o\000u\000r\000-\000L\000a\000y\000e\000r\000\040\000O\000n\000t\000o\000l\000o\000g\000y\000\040\000\050\000T\000h\000e\000\040\000S\000t\000a\000c\000k\000\051}{section.7}% 13
\BOOKMARK [2][-]{subsection.7.2}{\376\377\000T\000h\000e\000\040\000T\000y\000p\000e\000d\000\040\000L\000a\000y\000e\000r\000\040\000C\000a\000l\000c\000u\000l\000u\000s}{section.7}% 14
\BOOKMARK [2][-]{subsection.7.3}{\376\377\000N\000o\000t\000a\000t\000i\000o\000n\000\040\000a\000n\000d\000\040\000D\000i\000m\000e\000n\000s\000i\000o\000n\000a\000l\000\040\000B\000r\000i\000d\000g\000e}{section.7}% 15
\BOOKMARK [1][-]{section.8}{\376\377\000T\000r\000a\000c\000k\000\040\0001\000:\000\040\000F\000o\000r\000m\000a\000l\000\040\000T\000o\000y\000\040\000M\000o\000d\000e\000l\000s}{}% 16
\BOOKMARK [2][-]{subsection.8.1}{\376\377\000T\000h\000e\000o\000r\000e\000m\000:\000\040\000E\000x\000c\000l\000u\000s\000i\000v\000i\000t\000y\000\040\000o\000f\000\040\000t\000h\000e\000\040\000I\000n\000f\000o\000r\000m\000a\000t\000i\000o\000n\000a\000l\000\040\000A\000c\000t\000i\000o\000n}{section.8}% 17
\BOOKMARK [2][-]{subsection.8.2}{\376\377\000D\000e\000r\000i\000v\000i\000n\000g\000\040\000t\000h\000e\000\040\000V\000a\000c\000u\000u\000m\000\040\000E\000i\000n\000s\000t\000e\000i\000n\000\040\000E\000q\000u\000a\000t\000i\000o\000n\000s\000\040\000\050\000R\000a\000b\000=\0000\000\051}{section.8}% 18
\BOOKMARK [2][-]{subsection.8.3}{\376\377\000S\000t\000a\000b\000i\000l\000i\000t\000y\000\040\000U\000n\000d\000e\000r\000\040\000S\000u\000b\000s\000t\000r\000a\000t\000e\000\040\000I\000r\000r\000e\000g\000u\000l\000a\000r\000i\000t\000y}{section.8}% 19
\BOOKMARK [1][-]{section.9}{\376\377\000T\000h\000e\000\040\000U\000n\000i\000v\000e\000r\000s\000a\000l\000\040\000O\000p\000e\000r\000a\000t\000i\000n\000g\000\040\000S\000y\000s\000t\000e\000m\000\040\000\050\000U\000O\000S\000\051\000:\000\040\000R\000e\000s\000o\000u\000r\000c\000e\000\040\000M\000a\000n\000a\000g\000e\000m\000e\000n\000t\000\040\000a\000n\000d\000\040\000C\000o\000n\000s\000c\000i\000o\000u\000s\000n\000e\000s\000s}{}% 20
\BOOKMARK [2][-]{subsection.9.1}{\376\377\000T\000h\000e\000\040\000C\000o\000m\000p\000u\000t\000a\000t\000i\000o\000n\000a\000l\000\040\000B\000u\000d\000g\000e\000t\000\040\000a\000n\000d\000\040\000t\000h\000e\000\040\000P\000l\000a\000n\000c\000k\000\040\000L\000i\000m\000i\000t}{section.9}% 21
\BOOKMARK [2][-]{subsection.9.2}{\376\377\000I\000n\000t\000e\000r\000r\000u\000p\000t\000\040\000P\000r\000i\000o\000r\000i\000t\000y\000\040\000L\000e\000v\000e\000l\000s\000\040\000\050\000I\000P\000L\000\051\000\040\000a\000n\000d\000\040\000C\000o\000n\000s\000c\000i\000o\000u\000s\000n\000e\000s\000s}{section.9}% 22
\BOOKMARK [2][-]{subsection.9.3}{\376\377\000T\000h\000e\000\040\000G\000e\000o\000m\000e\000t\000r\000i\000c\000\040\000I\000n\000t\000e\000r\000r\000u\000p\000t\000\040\000V\000e\000c\000t\000o\000r}{section.9}% 23
\BOOKMARK [2][-]{subsection.9.4}{\376\377\000T\000h\000e\000\040\000P\000h\000e\000n\000o\000m\000e\000n\000a\000l\000\040\000I\000n\000t\000e\000r\000r\000u\000p\000t\000\040\000V\000e\000c\000t\000o\000r\000\040\000T\000a\000b\000l\000e}{section.9}% 24
\BOOKMARK [1][-]{section.10}{\376\377\000P\000a\000r\000t\000i\000c\000l\000e\000\040\000E\000m\000e\000r\000g\000e\000n\000c\000e\000:\000\040\000T\000h\000e\000\040\000L\000a\000t\000t\000i\000c\000e\000\040\000D\000e\000f\000e\000c\000t\000\040\000M\000o\000d\000e\000l}{}% 25
\BOOKMARK [2][-]{subsection.10.1}{\376\377\000T\000h\000e\000\040\000L\000e\000e\000c\000h\000\040\000S\000e\000l\000e\000c\000t\000i\000o\000n\000\040\000P\000r\000i\000n\000c\000i\000p\000l\000e\000:\000\040\000C\000o\000m\000p\000u\000t\000a\000t\000i\000o\000n\000a\000l\000\040\000M\000i\000n\000i\000m\000a\000l\000i\000t\000y}{section.10}% 26
\BOOKMARK [2][-]{subsection.10.2}{\376\377\000U\000n\000i\000q\000u\000e\000n\000e\000s\000s\000\040\000a\000n\000d\000\040\000S\000t\000a\000b\000i\000l\000i\000t\000y\000\040\000o\000f\000\040\000t\000h\000e\000\040\000d\000e\000l\000t\000a\000\137\000e\000\040\000D\000e\000f\000e\000c\000t}{section.10}% 27
\BOOKMARK [1][-]{section.11}{\376\377\000C\000a\000s\000e\000\040\000S\000t\000u\000d\000y\000:\000\040\000T\000h\000e\000\040\000E\000l\000e\000c\000t\000r\000o\000n\000\040\000a\000s\000\040\000a\000\040\000L\000a\000t\000t\000i\000c\000e\000\040\000D\000e\000f\000e\000c\000t}{}% 28
\BOOKMARK [2][-]{subsection.11.1}{\376\377\000U\000n\000i\000q\000u\000e\000n\000e\000s\000s\000\040\000a\000n\000d\000\040\000S\000t\000a\000b\000i\000l\000i\000t\000y\000\040\000o\000f\000\040\000t\000h\000e\000\040\000e\000\040\000D\000e\000f\000e\000c\000t}{section.11}% 29
\BOOKMARK [2][-]{subsection.11.2}{\376\377\000T\000h\000e\000\040\000A\0001\0002\0004\000\040\000N\000i\000e\000m\000e\000i\000e\000r\000\040\000S\000u\000b\000s\000t\000r\000a\000t\000e}{section.11}% 30
\BOOKMARK [2][-]{subsection.11.3}{\376\377\000T\000h\000e\000\040\000E\000l\000e\000c\000t\000r\000o\000n\000\040\000D\000e\000f\000e\000c\000t\000\040\000\050\000e\000\051}{section.11}% 31
\BOOKMARK [2][-]{subsection.11.4}{\376\377\000T\000h\000e\000\040\000F\000i\000n\000e\000\040\000S\000t\000r\000u\000c\000t\000u\000r\000e\000\040\000C\000o\000n\000s\000t\000a\000n\000t\000\040\000\050\000\051}{section.11}% 32
\BOOKMARK [1][-]{section.12}{\376\377\000T\000h\000e\000\040\000N\000i\000e\000m\000e\000i\000e\000r\000\040\000M\000a\000p\000p\000i\000n\000g\000\040\000a\000n\000d\000\040\000G\000a\000u\000g\000e\000\040\000E\000m\000e\000r\000g\000e\000n\000c\000e}{}% 33
\BOOKMARK [2][-]{subsection.12.1}{\376\377\000T\000h\000e\000\040\000M\000c\000K\000a\000y\000\040\000C\000o\000r\000r\000e\000s\000p\000o\000n\000d\000e\000n\000c\000e\000\040\000a\000n\000d\000\040\000G\000a\000u\000g\000e\000\040\000F\000o\000r\000c\000e}{section.12}% 34
\BOOKMARK [2][-]{subsection.12.2}{\376\377\000T\000h\000e\000\040\000C\000r\000y\000s\000t\000a\000l\000l\000i\000z\000a\000t\000i\000o\000n\000\040\000F\000u\000n\000c\000t\000o\000r}{section.12}% 35
\BOOKMARK [2][-]{subsection.12.3}{\376\377\000E\000m\000e\000r\000g\000e\000n\000c\000e\000\040\000o\000f\000\040\000t\000h\000e\000\040\000S\000t\000a\000n\000d\000a\000r\000d\000\040\000M\000o\000d\000e\000l\000\040\000\050\000C\000o\000n\000t\000i\000n\000u\000u\000m\000\040\000L\000i\000m\000i\000t\000\051}{section.12}% 36
\BOOKMARK [2][-]{subsection.12.4}{\376\377\000T\000h\000e\000\040\000H\000y\000d\000r\000o\000d\000y\000n\000a\000m\000i\000c\000\040\000L\000i\000m\000i\000t}{section.12}% 37
\BOOKMARK [1][-]{section.13}{\376\377\000T\000r\000a\000c\000k\000\040\0002\000:\000\040\000S\000p\000e\000c\000u\000l\000a\000t\000i\000v\000e\000\040\000R\000e\000s\000e\000a\000r\000c\000h}{}% 38
\BOOKMARK [2][-]{subsection.13.1}{\376\377\000T\000o\000p\000o\000s\000-\000T\000h\000e\000o\000r\000e\000t\000i\000c\000\040\000Q\000u\000a\000l\000i\000a\000\040\000\050\000F\000o\000u\000n\000d\000a\000t\000i\000o\000n\000s\000\051}{section.13}% 39
\BOOKMARK [1][-]{section.14}{\376\377\000T\000h\000e\000\040\000T\000o\000p\000o\000s\000\040\000D\000i\000c\000t\000i\000o\000n\000a\000r\000y\000\040\000o\000f\000\040\000P\000h\000e\000n\000o\000m\000e\000n\000a\000l\000\040\000C\000a\000t\000e\000g\000o\000r\000i\000e\000s}{}% 40
\BOOKMARK [2][-]{subsection.14.1}{\376\377\000A\000d\000d\000r\000e\000s\000s\000i\000n\000g\000\040\000D\000e\000g\000e\000n\000e\000r\000a\000c\000y\000:\000\040\000H\000i\000g\000h\000e\000r\000-\000O\000r\000d\000e\000r\000\040\000I\000n\000v\000a\000r\000i\000a\000n\000t\000s}{section.14}% 41
\BOOKMARK [2][-]{subsection.14.2}{\376\377\000T\000h\000e\000\040\000C\000u\000r\000v\000a\000t\000u\000r\000e\000\040\000F\000o\000r\000k\000:\000\040\000P\000h\000y\000s\000i\000c\000a\000l\000\040\000v\000s\000.\000\040\000I\000n\000f\000o\000r\000m\000a\000t\000i\000o\000n\000a\000l}{section.14}% 42
\BOOKMARK [2][-]{subsection.14.3}{\376\377\000O\000p\000e\000r\000a\000t\000i\000o\000n\000a\000l\000\040\000M\000a\000p\000:\000\040\000T\000h\000e\000\040\000B\000a\000y\000e\000s\000i\000a\000n\000\040\000O\000b\000s\000e\000r\000v\000e\000r}{section.14}% 43
\BOOKMARK [2][-]{subsection.14.4}{\376\377\000T\000h\000e\000\040\000C\000u\000r\000v\000a\000t\000u\000r\000e\000-\000Q\000u\000a\000l\000i\000a\000\040\000M\000a\000p\000p\000i\000n\000g}{section.14}% 44
\BOOKMARK [2][-]{subsection.14.5}{\376\377\000T\000h\000e\000\040\000P\000h\000e\000n\000o\000m\000e\000n\000a\000l\000\040\000M\000e\000t\000r\000i\000c}{section.14}% 45
\BOOKMARK [2][-]{subsection.14.6}{\376\377\000T\000h\000e\000\040\000H\000e\000y\000t\000i\000n\000g\000\040\000A\000l\000g\000e\000b\000r\000a\000\040\000o\000f\000\040\000Q\000u\000a\000l\000i\000a}{section.14}% 46
\BOOKMARK [1][-]{section.15}{\376\377\000T\000h\000e\000\040\000T\000o\000p\000o\000s\000\040\000o\000f\000\040\000F\000o\000r\000b\000i\000d\000d\000e\000n\000\040\000E\000x\000p\000e\000r\000i\000e\000n\000c\000e}{}% 47
\BOOKMARK [2][-]{subsection.15.1}{\376\377\000I\000n\000j\000e\000c\000t\000i\000v\000i\000t\000y\000\040\000a\000n\000d\000\040\000F\000o\000r\000b\000i\000d\000d\000e\000n\000\040\000Q\000u\000a\000l\000i\000a}{section.15}% 48
\BOOKMARK [1][-]{section.16}{\376\377\000T\000h\000e\000\040\000O\000u\000r\000o\000b\000o\000r\000i\000c\000\040\000C\000l\000o\000s\000u\000r\000e}{}% 49
\BOOKMARK [2][-]{subsection.16.1}{\376\377\000T\000h\000e\000\040\000S\000e\000l\000e\000c\000t\000i\000o\000n\000\040\000P\000r\000i\000n\000c\000i\000p\000l\000e\000:\000\040\000C\000o\000m\000p\000u\000t\000a\000t\000i\000o\000n\000a\000l\000\040\000M\000i\000n\000i\000m\000a\000l\000i\000t\000y}{section.16}% 50
\BOOKMARK [2][-]{subsection.16.2}{\376\377\000D\000y\000n\000a\000m\000i\000c\000a\000l\000\040\000C\000o\000n\000v\000e\000r\000g\000e\000n\000c\000e\000\040\000t\000o\000\040\000t\000h\000e\000\040\000F\000i\000x\000e\000d\000\040\000P\000o\000i\000n\000t}{section.16}% 51
\BOOKMARK [1][-]{section.17}{\376\377\000T\000h\000e\000\040\000K\000i\000l\000l\000-\000S\000w\000i\000t\000c\000h\000:\000\040\000F\000a\000l\000s\000i\000f\000i\000c\000a\000t\000i\000o\000n\000\040\000b\000y\000\040\000A\000l\000i\000a\000s\000i\000n\000g}{}% 52
\BOOKMARK [2][-]{subsection.17.1}{\376\377\000T\000h\000e\000\040\000N\000y\000q\000u\000i\000s\000t\000\040\000C\000u\000t\000o\000f\000f\000\040\000f\000o\000r\000\040\000G\000r\000a\000v\000i\000t\000a\000t\000i\000o\000n\000a\000l\000\040\000W\000a\000v\000e\000s}{section.17}% 53
\BOOKMARK [1][-]{section.18}{\376\377\000F\000a\000l\000s\000i\000f\000i\000a\000b\000i\000l\000i\000t\000y\000\040\000M\000a\000p\000\040\000a\000n\000d\000\040\000M\000e\000a\000s\000u\000r\000e\000m\000e\000n\000t\000\040\000P\000r\000o\000t\000o\000c\000o\000l\000s}{}% 54
\BOOKMARK [2][-]{subsection.18.1}{\376\377\000F\000o\000r\000w\000a\000r\000d\000\040\000C\000o\000s\000m\000o\000l\000o\000g\000i\000c\000a\000l\000\040\000P\000r\000e\000d\000i\000c\000t\000i\000o\000n\000s}{section.18}% 55
\BOOKMARK [2][-]{subsection.18.2}{\376\377\000M\000e\000a\000s\000u\000r\000e\000m\000e\000n\000t\000\040\000M\000a\000p\000:\000\040\000D\000a\000r\000k\000\040\000M\000a\000t\000t\000e\000r\000\040\000R\000a\000t\000i\000o}{section.18}% 56
\BOOKMARK [2][-]{subsection.18.3}{\376\377\000M\000e\000a\000s\000u\000r\000e\000m\000e\000n\000t\000\040\000M\000a\000p\000:\000\040\000T\000h\000e\000\040\000E\000l\000e\000c\000t\000r\000o\000n\000\040\000a\000s\000\040\000a\000\040\000L\000a\000t\000t\000i\000c\000e\000\040\000D\000e\000f\000e\000c\000t}{section.18}% 57
\BOOKMARK [2][-]{subsection.18.4}{\376\377\000M\000e\000a\000s\000u\000r\000e\000m\000e\000n\000t\000\040\000M\000a\000p\000:\000\040\000G\000r\000a\000v\000i\000t\000a\000t\000i\000o\000n\000a\000l\000\040\000L\000a\000t\000e\000n\000c\000y}{section.18}% 58
\BOOKMARK [1][-]{section.19}{\376\377\000T\000h\000e\000\040\000O\000u\000r\000o\000b\000o\000r\000i\000c\000\040\000C\000l\000o\000s\000u\000r\000e}{}% 59
\BOOKMARK [2][-]{subsection.19.1}{\376\377\000T\000h\000e\000\040\000S\000e\000l\000e\000c\000t\000i\000o\000n\000\040\000P\000r\000i\000n\000c\000i\000p\000l\000e\000:\000\040\000C\000o\000m\000p\000u\000t\000a\000t\000i\000o\000n\000a\000l\000\040\000M\000i\000n\000i\000m\000a\000l\000i\000t\000y}{section.19}% 60
\BOOKMARK [2][-]{subsection.19.2}{\376\377\000D\000y\000n\000a\000m\000i\000c\000a\000l\000\040\000C\000o\000n\000v\000e\000r\000g\000e\000n\000c\000e\000\040\000t\000o\000\040\000t\000h\000e\000\040\000F\000i\000x\000e\000d\000\040\000P\000o\000i\000n\000t}{section.19}% 61
\BOOKMARK [1][-]{section.20}{\376\377\000D\000e\000r\000i\000v\000a\000t\000i\000o\000n\000\040\000L\000e\000d\000g\000e\000r\000\040\000a\000n\000d\000\040\000R\000e\000p\000r\000o\000d\000u\000c\000i\000b\000i\000l\000i\000t\000y}{}% 62
\BOOKMARK [2][-]{subsection.20.1}{\376\377\000P\000l\000a\000n\000c\000k\000\040\0002\0000\0001\0008\000\040\000A\000u\000d\000i\000t\000\040\000\050\000R\000e\000p\000r\000o\000d\000u\000c\000i\000b\000i\000l\000i\000t\000y\000\040\000H\000o\000o\000k\000\051}{section.20}% 63
\BOOKMARK [2][-]{subsection.20.2}{\376\377\000P\000r\000e\000d\000i\000c\000t\000i\000o\000n\000:\000\040\000C\000o\000s\000m\000i\000c\000\040\000I\000n\000v\000a\000r\000i\000a\000n\000c\000e\000\040\000o\000f\000\040\000t\000h\000e\000\040\000D\000M\000\040\000R\000a\000t\000i\000o}{section.20}% 64
\BOOKMARK [2][-]{subsection.20.3}{\376\377\000G\000e\000o\000d\000e\000s\000i\000c\000\040\000A\000c\000c\000e\000l\000e\000r\000a\000t\000i\000o\000n\000\040\000D\000e\000r\000i\000v\000a\000t\000i\000o\000n}{section.20}% 65
\BOOKMARK [2][-]{subsection.20.4}{\376\377\000O\000p\000e\000r\000a\000t\000i\000o\000n\000a\000l\000i\000z\000i\000n\000g\000\040\000t\000h\000e\000\040\000U\000n\000i\000v\000e\000r\000s\000a\000l\000\040\000C\000l\000o\000c\000k\000\040\000f\000U}{section.20}% 66
\BOOKMARK [2][-]{subsection.20.5}{\376\377\000T\000h\000e\000\040\000O\000u\000r\000o\000b\000o\000r\000i\000c\000\040\000F\000i\000x\000e\000d\000\040\000P\000o\000i\000n\000t\000\040\000P\000r\000o\000o\000f}{section.20}% 67
\BOOKMARK [2][-]{subsection.20.6}{\376\377\000I\000n\000f\000o\000r\000m\000a\000t\000i\000o\000n\000-\000T\000h\000e\000o\000r\000e\000t\000i\000c\000\040\000D\000e\000r\000i\000v\000a\000t\000i\000o\000n\000\040\000o\000f\000\040\000t\000h\000e\000\040\000P\000l\000a\000n\000c\000k\000\040\000S\000c\000a\000l\000e}{section.20}% 68
\BOOKMARK [2][-]{subsection.20.7}{\376\377\000T\000h\000e\000\040\000D\000e\000r\000i\000v\000a\000t\000i\000o\000n\000\040\000L\000e\000d\000g\000e\000r\000\040\000\050\000C\000P\000U\000\040\000I\000n\000v\000a\000r\000i\000a\000n\000t\000\040\000A\000u\000d\000i\000t\000\051}{section.20}% 69
\BOOKMARK [1][-]{section.21}{\376\377\000A\000p\000p\000e\000n\000d\000i\000x\000:\000\040\000C\000a\000l\000i\000b\000r\000a\000t\000i\000o\000n\000\040\000a\000n\000d\000\040\000A\000n\000s\000\344\000t\000z\000e}{}% 70
\BOOKMARK [2][-]{subsection.21.1}{\376\377\000T\000h\000e\000\040\000G\000r\000a\000v\000i\000t\000a\000t\000i\000o\000n\000a\000l\000\040\000C\000o\000n\000s\000t\000a\000n\000t\000\040\000G\000\040\000f\000r\000o\000m\000\040\000|\000C\000o\0000\000|}{section.21}% 71
\BOOKMARK [2][-]{subsection.21.2}{\376\377\000U\000n\000i\000t\000s\000\040\000A\000u\000d\000i\000t\000\040\000\050\000D\000i\000m\000e\000n\000s\000i\000o\000n\000a\000l\000\040\000A\000n\000a\000l\000y\000s\000i\000s\000\051}{section.21}% 72
\BOOKMARK [1][-]{section.22}{\376\377\000V\000e\000r\000i\000f\000i\000c\000a\000t\000i\000o\000n\000\040\000A\000r\000t\000i\000f\000a\000c\000t\000s}{}% 73
\BOOKMARK [1][-]{table.5}{\376\377\000A\000p\000p\000e\000n\000d\000i\000x\000:\000\040\000D\000M\000-\000r\000a\000t\000i\000o\000\040\000s\000e\000n\000s\000i\000t\000i\000v\000i\000t\000y\000\040\000\050\000v\0005\000.\0002\000\051}{}% 74
