\BOOKMARK [2][-]{subsection.0.1}{\376\377\000R\000e\000p\000r\000e\000s\000e\000n\000t\000a\000t\000i\000o\000n\000-\000T\000h\000e\000o\000r\000e\000t\000i\000c\000\040\000O\000r\000i\000g\000i\000n\000\040\000o\000f\000\040\000t\000h\000e\000\040\000C\000o\000n\000s\000t\000a\000n\000t\000\040\0005\000:\000\040\000S\000t\000r\000e\000n\000g\000t\000h\000e\000n\000e\000d\000\040\000A\000n\000a\000l\000y\000s\000i\000s}{}% 1
\BOOKMARK [3][-]{subsubsection.0.1.1}{\376\377\000E\000x\000p\000l\000i\000c\000i\000t\000\040\000F\000a\000c\000t\000o\000r\000i\000z\000a\000t\000i\000o\000n\000\040\000A\000n\000a\000l\000y\000s\000i\000s}{subsection.0.1}% 2
\BOOKMARK [3][-]{subsubsection.0.1.2}{\376\377\000R\000e\000p\000r\000o\000d\000u\000c\000i\000b\000l\000e\000\040\000A\000l\000g\000e\000b\000r\000a\000i\000c\000\040\000V\000e\000r\000i\000f\000i\000c\000a\000t\000i\000o\000n}{subsection.0.1}% 3
\BOOKMARK [3][-]{subsubsection.0.1.3}{\376\377\000U\000n\000i\000q\000u\000e\000n\000e\000s\000s\000\040\000A\000r\000g\000u\000m\000e\000n\000t}{subsection.0.1}% 4
\BOOKMARK [3][-]{subsubsection.0.1.4}{\376\377\000F\000a\000l\000s\000i\000f\000i\000a\000b\000i\000l\000i\000t\000y}{subsection.0.1}% 5
\BOOKMARK [1][-]{section.1}{\376\377\000S\000y\000m\000b\000o\000l\000\040\000T\000a\000b\000l\000e\000\040\000a\000n\000d\000\040\000S\000S\000O\000T\000\040\000C\000o\000n\000t\000r\000a\000c\000t}{}% 6
\BOOKMARK [1][-]{section.2}{\376\377\000C\000l\000a\000i\000m\000s\000\040\000a\000n\000d\000\040\000S\000t\000a\000t\000u\000s\000\040\000L\000e\000d\000g\000e\000r}{}% 7
\BOOKMARK [2][-]{subsection.2.1}{\376\377\000T\000h\000e\000\040\000D\000e\000p\000e\000n\000d\000e\000n\000c\000y\000\040\000D\000A\000G\000\040\000\050\000A\000u\000d\000i\000t\000a\000b\000i\000l\000i\000t\000y\000\051}{section.2}% 8
\BOOKMARK [1][-]{section.3}{\376\377\000I\000n\000t\000r\000o\000d\000u\000c\000t\000i\000o\000n\000:\000\040\000T\000h\000e\000\040\000I\000n\000f\000o\000r\000m\000a\000t\000i\000o\000n\000\040\000P\000i\000v\000o\000t}{}% 9
\BOOKMARK [2][-]{subsection.3.1}{\376\377\000T\000h\000e\000\040\000C\000r\000i\000s\000i\000s\000\040\000o\000f\000\040\000M\000o\000n\000o\000l\000i\000t\000h\000i\000c\000\040\000O\000n\000t\000o\000l\000o\000g\000y}{section.3}% 10
\BOOKMARK [2][-]{subsection.3.2}{\376\377\000I\000n\000t\000e\000l\000l\000e\000c\000t\000u\000a\000l\000\040\000L\000i\000n\000e\000a\000g\000e}{section.3}% 11
\BOOKMARK [1][-]{section.4}{\376\377\000T\000h\000e\000\040\000L\000a\000y\000e\000r\000e\000d\000\040\000A\000r\000c\000h\000i\000t\000e\000c\000t\000u\000r\000e\000\040\000\050\000V\000i\000s\000u\000a\000l\000\040\000O\000v\000e\000r\000v\000i\000e\000w\000\051}{}% 12
\BOOKMARK [1][-]{section.5}{\376\377\000T\000h\000e\000\040\000A\000l\000g\000o\000r\000i\000t\000h\000m\000i\000c\000\040\000F\000o\000u\000n\000d\000a\000t\000i\000o\000n\000\040\000o\000f\000\040\000N\000e\000c\000e\000s\000s\000i\000t\000y}{}% 13
\BOOKMARK [2][-]{subsection.5.1}{\376\377\000T\000h\000e\000\040\000U\000n\000i\000v\000e\000r\000s\000a\000l\000\040\000C\000o\000s\000t\000\040\000F\000u\000n\000c\000t\000i\000o\000n\000a\000l\000:\000\040\000A\000l\000g\000o\000r\000i\000t\000h\000m\000i\000c\000\040\000C\000o\000m\000p\000l\000e\000x\000i\000t\000y}{section.5}% 14
\BOOKMARK [2][-]{subsection.5.2}{\376\377\000D\000e\000r\000i\000v\000i\000n\000g\000\040\000t\000h\000e\000\040\000Q\000u\000a\000d\000r\000a\000t\000i\000c\000\040\000S\000t\000r\000a\000i\000n\000\040\000F\000u\000n\000c\000t\000i\000o\000n\000a\000l}{section.5}% 15
\BOOKMARK [1][-]{section.6}{\376\377\000T\000h\000e\000\040\000D\000e\000p\000e\000n\000d\000e\000n\000c\000y\000\040\000D\000A\000G\000\040\000\050\000C\000a\000u\000s\000a\000l\000\040\000C\000l\000o\000s\000u\000r\000e\000\051}{}% 16
\BOOKMARK [1][-]{section.7}{\376\377\000T\000r\000a\000c\000k\000\040\000A\000:\000\040\000A\000x\000i\000o\000m\000a\000t\000i\000c\000\040\000F\000o\000u\000n\000d\000a\000t\000i\000o\000n\000s\000\040\000a\000n\000d\000\040\000S\000S\000O\000T\000\040\000C\000o\000n\000t\000r\000a\000c\000t}{}% 17
\BOOKMARK [2][-]{subsection.7.1}{\376\377\000T\000h\000e\000\040\000F\000o\000u\000r\000-\000L\000a\000y\000e\000r\000\040\000O\000n\000t\000o\000l\000o\000g\000y\000\040\000\050\000T\000h\000e\000\040\000S\000t\000a\000c\000k\000\051}{section.7}% 18
\BOOKMARK [2][-]{subsection.7.2}{\376\377\000T\000h\000e\000\040\000T\000y\000p\000e\000d\000\040\000L\000a\000y\000e\000r\000\040\000C\000a\000l\000c\000u\000l\000u\000s}{section.7}% 19
\BOOKMARK [2][-]{subsection.7.3}{\376\377\000N\000o\000t\000a\000t\000i\000o\000n\000\040\000a\000n\000d\000\040\000D\000i\000m\000e\000n\000s\000i\000o\000n\000a\000l\000\040\000B\000r\000i\000d\000g\000e}{section.7}% 20
\BOOKMARK [1][-]{section.8}{\376\377\000G\000r\000a\000n\000d\000\040\000C\000h\000a\000l\000l\000e\000n\000g\000e\000\040\000P\000r\000o\000b\000l\000e\000m\000:\000\040\000T\000h\000e\000\040\003\272\000\040\000B\000r\000i\000d\000g\000e}{}% 21
\BOOKMARK [2][-]{subsection.8.1}{\376\377\000W\000h\000a\000t\000\040\000W\000e\000\040\000K\000n\000o\000w\000\040\000v\000s\000.\000\040\000W\000h\000a\000t\000\040\000W\000e\000\040\000N\000e\000e\000d}{section.8}% 22
\BOOKMARK [2][-]{subsection.8.2}{\376\377\000C\000o\000n\000s\000e\000q\000u\000e\000n\000c\000e\000s\000\040\000o\000f\000\040\000U\000n\000r\000e\000s\000o\000l\000v\000e\000d\000\040\003\272}{section.8}% 23
\BOOKMARK [2][-]{subsection.8.3}{\376\377\000R\000o\000a\000d\000m\000a\000p\000\040\000f\000o\000r\000\040\000R\000e\000s\000o\000l\000u\000t\000i\000o\000n}{section.8}% 24
\BOOKMARK [3][-]{subsubsection.8.3.1}{\376\377\000P\000a\000t\000h\000\040\000A\000:\000\040\000T\000h\000e\000o\000r\000e\000t\000i\000c\000a\000l\000\040\000D\000e\000r\000i\000v\000a\000t\000i\000o\000n}{subsection.8.3}% 25
\BOOKMARK [3][-]{subsubsection.8.3.2}{\376\377\000P\000a\000t\000h\000\040\000B\000:\000\040\000E\000x\000p\000e\000r\000i\000m\000e\000n\000t\000a\000l\000\040\000M\000e\000a\000s\000u\000r\000e\000m\000e\000n\000t}{subsection.8.3}% 26
\BOOKMARK [3][-]{subsubsection.8.3.3}{\376\377\000P\000a\000t\000h\000\040\000C\000:\000\040\000R\000e\000f\000o\000r\000m\000u\000l\000a\000t\000i\000o\000n}{subsection.8.3}% 27
\BOOKMARK [2][-]{subsection.8.4}{\376\377\000I\000n\000t\000e\000r\000i\000m\000\040\000P\000r\000o\000t\000o\000c\000o\000l\000\040\000f\000o\000r\000\040\003\272\000-\000D\000e\000p\000e\000n\000d\000e\000n\000t\000\040\000W\000o\000r\000k}{section.8}% 28
\BOOKMARK [2][-]{subsection.8.5}{\376\377\000R\000e\000l\000a\000t\000i\000o\000n\000\040\000t\000o\000\040\000O\000t\000h\000e\000r\000\040\000O\000p\000e\000n\000\040\000P\000r\000o\000b\000l\000e\000m\000s}{section.8}% 29
\BOOKMARK [2][-]{subsection.8.6}{\376\377\000S\000u\000c\000c\000e\000s\000s\000\040\000C\000r\000i\000t\000e\000r\000i\000a}{section.8}% 30
\BOOKMARK [2][-]{subsection.8.7}{\376\377\000T\000h\000e\000\040\000D\000i\000m\000e\000n\000s\000i\000o\000n\000a\000l\000\040\000B\000r\000i\000d\000g\000e\000:\000\040\000S\000t\000a\000t\000u\000s\000\040\000C\000l\000a\000r\000i\000f\000i\000c\000a\000t\000i\000o\000n}{section.8}% 31
\BOOKMARK [3][-]{subsubsection.8.7.1}{\376\377\000W\000h\000a\000t\000\040\000W\000e\000\040\000H\000a\000v\000e\000\040\000v\000s\000.\000\040\000W\000h\000a\000t\000\040\000W\000e\000\040\000N\000e\000e\000d}{subsection.8.7}% 32
\BOOKMARK [3][-]{subsubsection.8.7.2}{\376\377\000U\000p\000d\000a\000t\000e\000d\000\040\000P\000r\000o\000t\000o\000c\000o\000l\000\040\000f\000o\000r\000\040\003\272\000-\000D\000e\000p\000e\000n\000d\000e\000n\000t\000\040\000C\000l\000a\000i\000m\000s}{subsection.8.7}% 33
\BOOKMARK [3][-]{subsubsection.8.7.3}{\376\377\000M\000e\000a\000s\000u\000r\000e\000m\000e\000n\000t\000\040\000P\000r\000o\000t\000o\000c\000o\000l\000\040\000f\000o\000r\000\040\003\272}{subsection.8.7}% 34
\BOOKMARK [3][-]{subsubsection.8.7.4}{\376\377\000U\000p\000d\000a\000t\000e\000d\000\040\000G\000r\000a\000v\000i\000t\000a\000t\000i\000o\000n\000a\000l\000\040\000C\000o\000n\000s\000t\000a\000n\000t\000\040\000D\000e\000r\000i\000v\000a\000t\000i\000o\000n\000\040\000S\000t\000a\000t\000u\000s}{subsection.8.7}% 35
\BOOKMARK [3][-]{subsubsection.8.7.5}{\376\377\000I\000n\000t\000e\000r\000i\000m\000\040\000W\000o\000r\000k\000a\000r\000o\000u\000n\000d\000:\000\040\000D\000i\000m\000e\000n\000s\000i\000o\000n\000l\000e\000s\000s\000\040\000P\000r\000e\000d\000i\000c\000t\000i\000o\000n\000s}{subsection.8.7}% 36
\BOOKMARK [1][-]{section.9}{\376\377\000T\000r\000a\000c\000k\000\040\0001\000:\000\040\000F\000o\000r\000m\000a\000l\000\040\000T\000o\000y\000\040\000M\000o\000d\000e\000l\000s}{}% 37
\BOOKMARK [2][-]{subsection.9.1}{\376\377\000L\000e\000m\000m\000a\000:\000\040\000I\000R\000\040\000C\000o\000n\000s\000i\000s\000t\000e\000n\000c\000y\000\040\000w\000i\000t\000h\000\040\000L\000o\000v\000e\000l\000o\000c\000k\000\040\000u\000n\000d\000e\000r\000\040\000M\000e\000t\000r\000i\000c\000-\000O\000n\000l\000y\000\040\000A\000s\000s\000u\000m\000p\000t\000i\000o\000n\000s}{section.9}% 38
\BOOKMARK [3][-]{subsubsection.9.1.1}{\376\377\000I\000m\000p\000l\000i\000c\000a\000t\000i\000o\000n\000s\000\040\000f\000o\000r\000\040\000t\000h\000e\000\040\000C\000l\000a\000i\000m\000s\000\040\000L\000e\000d\000g\000e\000r}{subsection.9.1}% 39
\BOOKMARK [2][-]{subsection.9.2}{\376\377\000D\000e\000r\000i\000v\000i\000n\000g\000\040\000t\000h\000e\000\040\000V\000a\000c\000u\000u\000m\000\040\000E\000i\000n\000s\000t\000e\000i\000n\000\040\000E\000q\000u\000a\000t\000i\000o\000n\000s\000\040\000\050\000R\000a\000b\000=\0000\000\051}{section.9}% 40
\BOOKMARK [2][-]{subsection.9.3}{\376\377\000S\000t\000a\000b\000i\000l\000i\000t\000y\000\040\000U\000n\000d\000e\000r\000\040\000S\000u\000b\000s\000t\000r\000a\000t\000e\000\040\000I\000r\000r\000e\000g\000u\000l\000a\000r\000i\000t\000y}{section.9}% 41
\BOOKMARK [3][-]{subsubsection.9.3.1}{\376\377\000C\000o\000n\000j\000e\000c\000t\000u\000r\000e\000:\000\040\000C\000o\000n\000t\000i\000n\000u\000u\000m\000\040\000L\000i\000m\000i\000t\000\040\000o\000f\000\040\000S\000u\000b\000s\000t\000r\000a\000t\000e\000\040\000G\000r\000a\000p\000h\000\040\000D\000y\000n\000a\000m\000i\000c\000s}{subsection.9.3}% 42
\BOOKMARK [3][-]{subsubsection.9.3.2}{\376\377\000N\000u\000m\000e\000r\000i\000c\000a\000l\000\040\000V\000e\000r\000i\000f\000i\000c\000a\000t\000i\000o\000n\000\040\000P\000l\000a\000n}{subsection.9.3}% 43
\BOOKMARK [2][-]{subsection.9.4}{\376\377\000I\000n\000t\000e\000r\000r\000u\000p\000t\000\040\000P\000r\000i\000o\000r\000i\000t\000y\000\040\000L\000e\000v\000e\000l\000s\000\040\000\050\000I\000P\000L\000\051\000\040\000a\000n\000d\000\040\000C\000o\000n\000s\000c\000i\000o\000u\000s\000n\000e\000s\000s}{section.9}% 44
\BOOKMARK [2][-]{subsection.9.5}{\376\377\000T\000h\000e\000\040\000G\000e\000o\000m\000e\000t\000r\000i\000c\000\040\000I\000n\000t\000e\000r\000r\000u\000p\000t\000\040\000V\000e\000c\000t\000o\000r}{section.9}% 45
\BOOKMARK [2][-]{subsection.9.6}{\376\377\000T\000h\000e\000\040\000P\000h\000e\000n\000o\000m\000e\000n\000a\000l\000\040\000I\000n\000t\000e\000r\000r\000u\000p\000t\000\040\000V\000e\000c\000t\000o\000r\000\040\000T\000a\000b\000l\000e}{section.9}% 46
\BOOKMARK [1][-]{section.10}{\376\377\000P\000a\000r\000t\000i\000c\000l\000e\000\040\000E\000m\000e\000r\000g\000e\000n\000c\000e\000:\000\040\000T\000h\000e\000\040\000L\000a\000t\000t\000i\000c\000e\000\040\000D\000e\000f\000e\000c\000t\000\040\000M\000o\000d\000e\000l}{}% 47
\BOOKMARK [2][-]{subsection.10.1}{\376\377\000T\000h\000e\000\040\000L\000e\000e\000c\000h\000\040\000S\000e\000l\000e\000c\000t\000i\000o\000n\000\040\000P\000r\000i\000n\000c\000i\000p\000l\000e\000:\000\040\000C\000o\000m\000p\000u\000t\000a\000t\000i\000o\000n\000a\000l\000\040\000M\000i\000n\000i\000m\000a\000l\000i\000t\000y}{section.10}% 48
\BOOKMARK [2][-]{subsection.10.2}{\376\377\000U\000n\000i\000q\000u\000e\000n\000e\000s\000s\000\040\000a\000n\000d\000\040\000S\000t\000a\000b\000i\000l\000i\000t\000y\000\040\000o\000f\000\040\000t\000h\000e\000\040\000e\000\040\000D\000e\000f\000e\000c\000t}{section.10}% 49
\BOOKMARK [2][-]{subsection.10.3}{\376\377\000T\000h\000e\000\040\000F\000i\000n\000e\000\040\000S\000t\000r\000u\000c\000t\000u\000r\000e\000\040\000C\000o\000n\000s\000t\000a\000n\000t\000\040\000\050\000\051\000\040\000a\000s\000\040\000a\000\040\000C\000o\000u\000p\000l\000i\000n\000g\000\040\000R\000a\000t\000i\000o}{section.10}% 50
\BOOKMARK [2][-]{subsection.10.4}{\376\377\000U\000p\000d\000a\000t\000e\000d\000\040\000P\000a\000r\000t\000i\000c\000l\000e\000\040\000P\000h\000y\000s\000i\000c\000s\000\040\000S\000t\000a\000t\000u\000s\000\040\000T\000a\000b\000l\000e}{section.10}% 51
\BOOKMARK [2][-]{subsection.10.5}{\376\377\000I\000m\000p\000l\000i\000c\000a\000t\000i\000o\000n\000s\000\040\000f\000o\000r\000\040\000t\000h\000e\000\040\000C\000l\000a\000i\000m\000s\000\040\000L\000e\000d\000g\000e\000r}{section.10}% 52
\BOOKMARK [1][-]{section.11}{\376\377\000C\000a\000s\000e\000\040\000S\000t\000u\000d\000y\000:\000\040\000T\000h\000e\000\040\000E\000l\000e\000c\000t\000r\000o\000n\000\040\000a\000s\000\040\000a\000\040\000L\000a\000t\000t\000i\000c\000e\000\040\000D\000e\000f\000e\000c\000t}{}% 53
\BOOKMARK [2][-]{subsection.11.1}{\376\377\000U\000n\000i\000q\000u\000e\000n\000e\000s\000s\000\040\000a\000n\000d\000\040\000S\000t\000a\000b\000i\000l\000i\000t\000y\000\040\000o\000f\000\040\000t\000h\000e\000\040\000e\000\040\000D\000e\000f\000e\000c\000t}{section.11}% 54
\BOOKMARK [2][-]{subsection.11.2}{\376\377\000T\000h\000e\000\040\000A\0001\0002\0004\000\040\000N\000i\000e\000m\000e\000i\000e\000r\000\040\000S\000u\000b\000s\000t\000r\000a\000t\000e}{section.11}% 55
\BOOKMARK [2][-]{subsection.11.3}{\376\377\000T\000h\000e\000\040\000E\000l\000e\000c\000t\000r\000o\000n\000\040\000D\000e\000f\000e\000c\000t\000\040\000\050\000e\000\051}{section.11}% 56
\BOOKMARK [2][-]{subsection.11.4}{\376\377\000T\000h\000e\000\040\000F\000i\000n\000e\000\040\000S\000t\000r\000u\000c\000t\000u\000r\000e\000\040\000C\000o\000n\000s\000t\000a\000n\000t\000\040\000\050\000\051}{section.11}% 57
\BOOKMARK [1][-]{section.12}{\376\377\000T\000h\000e\000\040\000N\000i\000e\000m\000e\000i\000e\000r\000\040\000M\000a\000p\000p\000i\000n\000g\000\040\000a\000n\000d\000\040\000G\000a\000u\000g\000e\000\040\000E\000m\000e\000r\000g\000e\000n\000c\000e}{}% 58
\BOOKMARK [2][-]{subsection.12.1}{\376\377\000T\000h\000e\000\040\000M\000c\000K\000a\000y\000\040\000C\000o\000r\000r\000e\000s\000p\000o\000n\000d\000e\000n\000c\000e\000\040\000a\000n\000d\000\040\000G\000a\000u\000g\000e\000\040\000F\000o\000r\000c\000e}{section.12}% 59
\BOOKMARK [2][-]{subsection.12.2}{\376\377\000T\000h\000e\000\040\000C\000r\000y\000s\000t\000a\000l\000l\000i\000z\000a\000t\000i\000o\000n\000\040\000F\000u\000n\000c\000t\000o\000r}{section.12}% 60
\BOOKMARK [2][-]{subsection.12.3}{\376\377\000E\000m\000e\000r\000g\000e\000n\000c\000e\000\040\000o\000f\000\040\000t\000h\000e\000\040\000S\000t\000a\000n\000d\000a\000r\000d\000\040\000M\000o\000d\000e\000l\000\040\000\050\000C\000o\000n\000t\000i\000n\000u\000u\000m\000\040\000L\000i\000m\000i\000t\000\051}{section.12}% 61
\BOOKMARK [2][-]{subsection.12.4}{\376\377\000T\000h\000e\000\040\000H\000y\000d\000r\000o\000d\000y\000n\000a\000m\000i\000c\000\040\000L\000i\000m\000i\000t}{section.12}% 62
\BOOKMARK [1][-]{section.13}{\376\377\000T\000r\000a\000c\000k\000\040\0002\000:\000\040\000S\000p\000e\000c\000u\000l\000a\000t\000i\000v\000e\000\040\000R\000e\000s\000e\000a\000r\000c\000h}{}% 63
\BOOKMARK [2][-]{subsection.13.1}{\376\377\000T\000o\000p\000o\000s\000-\000T\000h\000e\000o\000r\000e\000t\000i\000c\000\040\000Q\000u\000a\000l\000i\000a\000\040\000\050\000F\000o\000u\000n\000d\000a\000t\000i\000o\000n\000s\000\051}{section.13}% 64
\BOOKMARK [1][-]{section.14}{\376\377\000T\000h\000e\000\040\000T\000o\000p\000o\000s\000\040\000D\000i\000c\000t\000i\000o\000n\000a\000r\000y\000\040\000o\000f\000\040\000P\000h\000e\000n\000o\000m\000e\000n\000a\000l\000\040\000C\000a\000t\000e\000g\000o\000r\000i\000e\000s}{}% 65
\BOOKMARK [2][-]{subsection.14.1}{\376\377\000A\000d\000d\000r\000e\000s\000s\000i\000n\000g\000\040\000D\000e\000g\000e\000n\000e\000r\000a\000c\000y\000:\000\040\000H\000i\000g\000h\000e\000r\000-\000O\000r\000d\000e\000r\000\040\000I\000n\000v\000a\000r\000i\000a\000n\000t\000s}{section.14}% 66
\BOOKMARK [2][-]{subsection.14.2}{\376\377\000T\000h\000e\000\040\000C\000u\000r\000v\000a\000t\000u\000r\000e\000\040\000F\000o\000r\000k\000:\000\040\000S\000t\000r\000i\000c\000t\000\040\000S\000e\000p\000a\000r\000a\000t\000i\000o\000n\000\040\000o\000f\000\040\000P\000h\000y\000s\000i\000c\000a\000l\000\040\000a\000n\000d\000\040\000I\000n\000f\000o\000r\000m\000a\000t\000i\000o\000n\000a\000l\000\040\000C\000u\000r\000v\000a\000t\000u\000r\000e}{section.14}% 67
\BOOKMARK [3][-]{subsubsection.14.2.1}{\376\377\000P\000r\000o\000h\000i\000b\000i\000t\000i\000o\000n\000\040\000o\000n\000\040\000C\000r\000o\000s\000s\000-\000T\000a\000l\000k}{subsection.14.2}% 68
\BOOKMARK [3][-]{subsubsection.14.2.2}{\376\377\000E\000x\000p\000l\000i\000c\000i\000t\000\040\000M\000a\000p\000p\000i\000n\000g\000\040\000T\000h\000e\000o\000r\000e\000m\000s\000\040\000R\000e\000q\000u\000i\000r\000e\000d}{subsection.14.2}% 69
\BOOKMARK [3][-]{subsubsection.14.2.3}{\376\377\000U\000p\000d\000a\000t\000e\000d\000\040\000C\000u\000r\000v\000a\000t\000u\000r\000e\000-\000Q\000u\000a\000l\000i\000a\000\040\000M\000a\000p\000p\000i\000n\000g}{subsection.14.2}% 70
\BOOKMARK [3][-]{subsubsection.14.2.4}{\376\377\000I\000m\000p\000l\000e\000m\000e\000n\000t\000a\000t\000i\000o\000n\000\040\000i\000n\000\040\000C\000o\000d\000e}{subsection.14.2}% 71
\BOOKMARK [2][-]{subsection.14.3}{\376\377\000T\000h\000e\000\040\000C\000u\000r\000v\000a\000t\000u\000r\000e\000-\000Q\000u\000a\000l\000i\000a\000\040\000M\000a\000p\000p\000i\000n\000g}{section.14}% 72
\BOOKMARK [2][-]{subsection.14.4}{\376\377\000T\000h\000e\000\040\000P\000h\000e\000n\000o\000m\000e\000n\000a\000l\000\040\000M\000e\000t\000r\000i\000c}{section.14}% 73
\BOOKMARK [2][-]{subsection.14.5}{\376\377\000T\000h\000e\000\040\000H\000e\000y\000t\000i\000n\000g\000\040\000A\000l\000g\000e\000b\000r\000a\000\040\000o\000f\000\040\000Q\000u\000a\000l\000i\000a}{section.14}% 74
\BOOKMARK [1][-]{section.15}{\376\377\000T\000h\000e\000\040\000T\000o\000p\000o\000s\000\040\000o\000f\000\040\000F\000o\000r\000b\000i\000d\000d\000e\000n\000\040\000E\000x\000p\000e\000r\000i\000e\000n\000c\000e}{}% 75
\BOOKMARK [2][-]{subsection.15.1}{\376\377\000I\000n\000j\000e\000c\000t\000i\000v\000i\000t\000y\000\040\000a\000n\000d\000\040\000F\000o\000r\000b\000i\000d\000d\000e\000n\000\040\000Q\000u\000a\000l\000i\000a}{section.15}% 76
\BOOKMARK [1][-]{section.16}{\376\377\000T\000h\000e\000\040\000O\000u\000r\000o\000b\000o\000r\000i\000c\000\040\000C\000l\000o\000s\000u\000r\000e}{}% 77
\BOOKMARK [2][-]{subsection.16.1}{\376\377\000T\000h\000e\000\040\000S\000e\000l\000e\000c\000t\000i\000o\000n\000\040\000P\000r\000i\000n\000c\000i\000p\000l\000e\000:\000\040\000C\000o\000m\000p\000u\000t\000a\000t\000i\000o\000n\000a\000l\000\040\000M\000i\000n\000i\000m\000a\000l\000i\000t\000y}{section.16}% 78
\BOOKMARK [2][-]{subsection.16.2}{\376\377\000D\000y\000n\000a\000m\000i\000c\000a\000l\000\040\000C\000o\000n\000v\000e\000r\000g\000e\000n\000c\000e\000\040\000t\000o\000\040\000t\000h\000e\000\040\000F\000i\000x\000e\000d\000\040\000P\000o\000i\000n\000t}{section.16}% 79
\BOOKMARK [1][-]{section.17}{\376\377\000T\000h\000e\000\040\000K\000i\000l\000l\000-\000S\000w\000i\000t\000c\000h\000:\000\040\000F\000a\000l\000s\000i\000f\000i\000c\000a\000t\000i\000o\000n\000\040\000b\000y\000\040\000A\000l\000i\000a\000s\000i\000n\000g}{}% 80
\BOOKMARK [2][-]{subsection.17.1}{\376\377\000T\000h\000e\000\040\000N\000y\000q\000u\000i\000s\000t\000\040\000C\000u\000t\000o\000f\000f\000\040\000f\000o\000r\000\040\000G\000r\000a\000v\000i\000t\000a\000t\000i\000o\000n\000a\000l\000\040\000W\000a\000v\000e\000s}{section.17}% 81
\BOOKMARK [1][-]{section.18}{\376\377\000F\000a\000l\000s\000i\000f\000i\000a\000b\000i\000l\000i\000t\000y\000\040\000M\000a\000p\000\040\000a\000n\000d\000\040\000M\000e\000a\000s\000u\000r\000e\000m\000e\000n\000t\000\040\000P\000r\000o\000t\000o\000c\000o\000l\000s}{}% 82
\BOOKMARK [2][-]{subsection.18.1}{\376\377\000F\000o\000r\000w\000a\000r\000d\000\040\000C\000o\000s\000m\000o\000l\000o\000g\000i\000c\000a\000l\000\040\000P\000r\000e\000d\000i\000c\000t\000i\000o\000n\000s}{section.18}% 83
\BOOKMARK [2][-]{subsection.18.2}{\376\377\000D\000e\000r\000i\000v\000a\000t\000i\000o\000n\000\040\000o\000f\000\040\000t\000h\000e\000\040\000D\000a\000r\000k\000\040\000M\000a\000t\000t\000e\000r\000\040\000R\000a\000t\000i\000o\000\040\000F\000o\000r\000m\000u\000l\000a\000\040\000\050\000R\000e\000v\000i\000s\000e\000d\000\051}{section.18}% 84
\BOOKMARK [3][-]{subsubsection.18.2.1}{\376\377\000S\000t\000r\000u\000c\000t\000u\000r\000a\000l\000\040\000O\000r\000i\000g\000i\000n\000\040\000o\000f\000\040\000t\000h\000e\000\040\000C\000o\000n\000s\000t\000a\000n\000t\000\040\0005}{subsection.18.2}% 85
\BOOKMARK [3][-]{subsubsection.18.2.2}{\376\377\000D\000e\000r\000i\000v\000a\000t\000i\000o\000n\000\040\000o\000f\000\040\000t\000h\000e\000\040\000E\000x\000p\000o\000n\000e\000n\000t\000i\000a\000l\000\040\000T\000e\000r\000m\000\040\000f\000r\000o\000m\000\040\000P\000o\000i\000s\000s\000o\000n\000\040\000S\000t\000a\000t\000i\000s\000t\000i\000c\000s}{subsection.18.2}% 86
\BOOKMARK [3][-]{subsubsection.18.2.3}{\376\377\000N\000a\000t\000u\000r\000a\000l\000\040\000S\000c\000a\000l\000e\000\040\000=\000\040\0001}{subsection.18.2}% 87
\BOOKMARK [3][-]{subsubsection.18.2.4}{\376\377\000I\000n\000d\000e\000p\000e\000n\000d\000e\000n\000t\000\040\000T\000e\000s\000t\000a\000b\000l\000e\000\040\000P\000r\000e\000d\000i\000c\000t\000i\000o\000n}{subsection.18.2}% 88
\BOOKMARK [3][-]{subsubsection.18.2.5}{\376\377\000U\000p\000d\000a\000t\000e\000d\000\040\000S\000t\000a\000t\000u\000s\000:\000\040\000T\000o\000y\000\040\000M\000o\000d\000e\000l\000\040\000R\000e\000s\000u\000l\000t}{subsection.18.2}% 89
\BOOKMARK [2][-]{subsection.18.3}{\376\377\000I\000d\000e\000n\000t\000i\000f\000i\000a\000b\000i\000l\000i\000t\000y\000\040\000a\000n\000d\000\040\000M\000o\000d\000e\000l\000\040\000S\000e\000l\000e\000c\000t\000i\000o\000n\000\040\000A\000n\000a\000l\000y\000s\000i\000s}{section.18}% 90
\BOOKMARK [3][-]{subsubsection.18.3.1}{\376\377\000W\000h\000y\000\040\000=\000\040\0001\000\040\000i\000s\000\040\000N\000a\000t\000u\000r\000a\000l\000\040\000\050\000N\000o\000t\000\040\000J\000u\000s\000t\000\040\000N\000a\000r\000r\000a\000t\000i\000v\000e\000\051}{subsection.18.3}% 91
\BOOKMARK [3][-]{subsubsection.18.3.2}{\376\377\000M\000o\000d\000e\000l\000\040\000S\000e\000l\000e\000c\000t\000i\000o\000n\000:\000\040\000W\000h\000y\000\040\000P\000o\000i\000s\000s\000o\000n\000\040\000O\000v\000e\000r\000\040\000A\000l\000t\000e\000r\000n\000a\000t\000i\000v\000e\000s}{subsection.18.3}% 92
\BOOKMARK [3][-]{subsubsection.18.3.3}{\376\377\000S\000t\000r\000u\000c\000t\000u\000r\000a\000l\000\040\000C\000o\000n\000s\000t\000a\000n\000t\000\040\0005\000:\000\040\000R\000e\000p\000r\000e\000s\000e\000n\000t\000a\000t\000i\000o\000n\000-\000T\000h\000e\000o\000r\000e\000t\000i\000c\000\040\000J\000u\000s\000t\000i\000f\000i\000c\000a\000t\000i\000o\000n}{subsection.18.3}% 93
\BOOKMARK [3][-]{subsubsection.18.3.4}{\376\377\000U\000p\000d\000a\000t\000e\000d\000\040\000S\000t\000a\000t\000u\000s\000:\000\040\000F\000r\000o\000m\000\040\000T\000o\000y\000\040\000M\000o\000d\000e\000l\000\040\000t\000o\000\040\000T\000h\000e\000o\000r\000e\000m}{subsection.18.3}% 94
\BOOKMARK [2][-]{subsection.18.4}{\376\377\000M\000e\000a\000s\000u\000r\000e\000m\000e\000n\000t\000\040\000M\000a\000p\000:\000\040\000T\000h\000e\000\040\000E\000l\000e\000c\000t\000r\000o\000n\000\040\000a\000s\000\040\000a\000\040\000L\000a\000t\000t\000i\000c\000e\000\040\000D\000e\000f\000e\000c\000t}{section.18}% 95
\BOOKMARK [2][-]{subsection.18.5}{\376\377\000M\000e\000a\000s\000u\000r\000e\000m\000e\000n\000t\000\040\000M\000a\000p\000:\000\040\000G\000r\000a\000v\000i\000t\000a\000t\000i\000o\000n\000a\000l\000\040\000L\000a\000t\000e\000n\000c\000y}{section.18}% 96
\BOOKMARK [1][-]{section.19}{\376\377\000D\000e\000r\000i\000v\000a\000t\000i\000o\000n\000\040\000L\000e\000d\000g\000e\000r\000\040\000a\000n\000d\000\040\000R\000e\000p\000r\000o\000d\000u\000c\000i\000b\000i\000l\000i\000t\000y}{}% 97
\BOOKMARK [2][-]{subsection.19.1}{\376\377\000P\000l\000a\000n\000c\000k\000\040\0002\0000\0001\0008\000\040\000A\000u\000d\000i\000t\000\040\000\050\000R\000e\000p\000r\000o\000d\000u\000c\000i\000b\000i\000l\000i\000t\000y\000\040\000H\000o\000o\000k\000\051}{section.19}% 98
\BOOKMARK [2][-]{subsection.19.2}{\376\377\000P\000r\000e\000d\000i\000c\000t\000i\000o\000n\000:\000\040\000C\000o\000s\000m\000i\000c\000\040\000I\000n\000v\000a\000r\000i\000a\000n\000c\000e\000\040\000o\000f\000\040\000t\000h\000e\000\040\000D\000M\000\040\000R\000a\000t\000i\000o}{section.19}% 99
\BOOKMARK [2][-]{subsection.19.3}{\376\377\000G\000e\000o\000d\000e\000s\000i\000c\000\040\000A\000c\000c\000e\000l\000e\000r\000a\000t\000i\000o\000n\000\040\000D\000e\000r\000i\000v\000a\000t\000i\000o\000n}{section.19}% 100
\BOOKMARK [2][-]{subsection.19.4}{\376\377\000O\000p\000e\000r\000a\000t\000i\000o\000n\000a\000l\000i\000z\000i\000n\000g\000\040\000t\000h\000e\000\040\000U\000n\000i\000v\000e\000r\000s\000a\000l\000\040\000C\000l\000o\000c\000k\000\040\000f\000U}{section.19}% 101
\BOOKMARK [2][-]{subsection.19.5}{\376\377\000T\000h\000e\000\040\000O\000u\000r\000o\000b\000o\000r\000i\000c\000\040\000F\000i\000x\000e\000d\000\040\000P\000o\000i\000n\000t\000\040\000P\000r\000o\000o\000f}{section.19}% 102
\BOOKMARK [2][-]{subsection.19.6}{\376\377\000I\000n\000f\000o\000r\000m\000a\000t\000i\000o\000n\000-\000T\000h\000e\000o\000r\000e\000t\000i\000c\000\040\000D\000e\000r\000i\000v\000a\000t\000i\000o\000n\000\040\000o\000f\000\040\000t\000h\000e\000\040\000P\000l\000a\000n\000c\000k\000\040\000S\000c\000a\000l\000e}{section.19}% 103
\BOOKMARK [2][-]{subsection.19.7}{\376\377\000T\000h\000e\000\040\000D\000e\000r\000i\000v\000a\000t\000i\000o\000n\000\040\000L\000e\000d\000g\000e\000r\000\040\000\050\000C\000P\000U\000\040\000I\000n\000v\000a\000r\000i\000a\000n\000t\000\040\000A\000u\000d\000i\000t\000\051}{section.19}% 104
\BOOKMARK [1][-]{section.20}{\376\377\000A\000p\000p\000e\000n\000d\000i\000x\000:\000\040\000C\000a\000l\000i\000b\000r\000a\000t\000i\000o\000n\000\040\000a\000n\000d\000\040\000A\000n\000s\000\344\000t\000z\000e}{}% 105
\BOOKMARK [2][-]{subsection.20.1}{\376\377\000T\000h\000e\000\040\000G\000r\000a\000v\000i\000t\000a\000t\000i\000o\000n\000a\000l\000\040\000C\000o\000n\000s\000t\000a\000n\000t\000\040\000G\000\040\000f\000r\000o\000m\000\040\000|\000C\000o\0000\000|}{section.20}% 106
\BOOKMARK [2][-]{subsection.20.2}{\376\377\000U\000n\000i\000t\000s\000\040\000A\000u\000d\000i\000t\000\040\000\050\000D\000i\000m\000e\000n\000s\000i\000o\000n\000a\000l\000\040\000A\000n\000a\000l\000y\000s\000i\000s\000\051}{section.20}% 107
\BOOKMARK [1][-]{section.21}{\376\377\000V\000e\000r\000i\000f\000i\000c\000a\000t\000i\000o\000n\000\040\000A\000r\000t\000i\000f\000a\000c\000t\000s}{}% 108
\BOOKMARK [1][-]{table.5}{\376\377\000A\000p\000p\000e\000n\000d\000i\000x\000:\000\040\000D\000M\000-\000r\000a\000t\000i\000o\000\040\000s\000e\000n\000s\000i\000t\000i\000v\000i\000t\000y\000\040\000\050\000v\0005\000.\0002\000\051}{}% 109
