\BOOKMARK [1][-]{section.1}{\376\377\000T\000h\000e\000\040\000v\0006\000.\0005\000\040\000C\000r\000i\000s\000i\000s\000\040\000a\000n\000d\000\040\000v\0007\000.\0000\000\040\000R\000e\000s\000o\000l\000u\000t\000i\000o\000n}{}% 1
\BOOKMARK [2][-]{subsection.1.1}{\376\377\000T\000h\000e\000\040\000F\000a\000t\000a\000l\000\040\000C\000o\000n\000s\000t\000r\000a\000i\000n\000t\000:\000\040\000R\000e\000p\000r\000e\000s\000e\000n\000t\000a\000t\000i\000o\000n\000\040\000T\000h\000e\000o\000r\000y\000\040\000W\000a\000l\000l}{section.1}% 2
\BOOKMARK [2][-]{subsection.1.2}{\376\377\000T\000h\000e\000\040\000v\0007\000.\0000\000\040\000S\000o\000l\000u\000t\000i\000o\000n\000:\000\040\000I\000n\000f\000o\000r\000m\000a\000t\000i\000o\000n\000\040\000G\000e\000o\000m\000e\000t\000r\000y\000\040\000P\000a\000r\000a\000d\000i\000g\000m\000\040\000S\000h\000i\000f\000t}{section.1}% 3
\BOOKMARK [2][-]{subsection.1.3}{\376\377\000D\000e\000r\000i\000v\000a\000t\000i\000o\000n\000\040\000o\000f\000\040\000=\0002\000\040\000f\000r\000o\000m\000\040\000Q\000u\000a\000n\000t\000u\000m\000\040\000I\000n\000f\000o\000r\000m\000a\000t\000i\000o\000n\000\040\000T\000h\000e\000o\000r\000y}{section.1}% 4
\BOOKMARK [2][-]{subsection.1.4}{\376\377\000P\000h\000y\000s\000i\000c\000a\000l\000\040\000I\000n\000t\000e\000r\000p\000r\000e\000t\000a\000t\000i\000o\000n}{section.1}% 5
\BOOKMARK [2][-]{subsection.1.5}{\376\377\000G\000r\000a\000v\000i\000t\000a\000t\000i\000o\000n\000a\000l\000\040\000C\000o\000u\000p\000l\000i\000n\000g\000\040\000F\000o\000r\000m\000u\000l\000a}{section.1}% 6
\BOOKMARK [3][-]{subsubsection.1.5.1}{\376\377\000N\000u\000m\000e\000r\000i\000c\000a\000l\000\040\000E\000v\000a\000l\000u\000a\000t\000i\000o\000n}{subsection.1.5}% 7
\BOOKMARK [2][-]{subsection.1.6}{\376\377\000T\000h\000e\000\040\000H\000o\000l\000o\000g\000r\000a\000p\000h\000i\000c\000\040\000P\000u\000z\000z\000l\000e\000\040\000R\000e\000s\000o\000l\000v\000e\000d}{section.1}% 8
\BOOKMARK [1][-]{section.2}{\376\377\000C\000o\000m\000p\000u\000t\000a\000t\000i\000o\000n\000a\000l\000\040\000V\000e\000r\000i\000f\000i\000c\000a\000t\000i\000o\000n\000\040\000F\000r\000a\000m\000e\000w\000o\000r\000k}{}% 9
\BOOKMARK [2][-]{subsection.2.1}{\376\377\000T\000h\000r\000e\000e\000\040\000I\000n\000d\000e\000p\000e\000n\000d\000e\000n\000t\000\040\000A\000p\000p\000r\000o\000a\000c\000h\000e\000s}{section.2}% 10
\BOOKMARK [2][-]{subsection.2.2}{\376\377\000K\000e\000y\000\040\000C\000o\000d\000e\000\040\000A\000r\000t\000i\000f\000a\000c\000t\000s}{section.2}% 11
\BOOKMARK [2][-]{subsection.2.3}{\376\377\000Q\000u\000a\000n\000t\000u\000m\000\040\000B\000i\000p\000a\000r\000t\000i\000t\000e\000\040\000C\000o\000d\000e\000\040\000I\000m\000p\000l\000e\000m\000e\000n\000t\000a\000t\000i\000o\000n}{section.2}% 12
\BOOKMARK [2][-]{subsection.2.4}{\376\377\000I\000n\000t\000e\000r\000p\000r\000e\000t\000a\000t\000i\000o\000n\000\040\000o\000f\000\040\000N\000u\000m\000e\000r\000i\000c\000a\000l\000\040\000R\000e\000s\000u\000l\000t\000s}{section.2}% 13
\BOOKMARK [2][-]{subsection.2.5}{\376\377\000F\000o\000r\000m\000a\000l\000\040\000V\000e\000r\000i\000f\000i\000c\000a\000t\000i\000o\000n\000\040\000\050\000Z\0003\000\040\000P\000r\000o\000o\000f\000s\000\051}{section.2}% 14
\BOOKMARK [1][-]{section.3}{\376\377\000U\000p\000d\000a\000t\000e\000d\000\040\000G\000r\000a\000n\000d\000\040\000C\000h\000a\000l\000l\000e\000n\000g\000e\000\040\000\050\000v\0007\000.\0000\000\051}{}% 15
\BOOKMARK [1][-]{section.4}{\376\377\000T\000h\000e\000\040\000L\000a\000y\000e\000r\000e\000d\000\040\000A\000r\000c\000h\000i\000t\000e\000c\000t\000u\000r\000e\000:\000\040\000F\000o\000u\000n\000d\000a\000t\000i\000o\000n\000s}{}% 16
\BOOKMARK [2][-]{subsection.4.1}{\376\377\000T\000h\000e\000\040\000F\000o\000u\000r\000-\000L\000a\000y\000e\000r\000\040\000O\000n\000t\000o\000l\000o\000g\000y\000\040\000\050\000T\000h\000e\000\040\000S\000t\000a\000c\000k\000\051}{section.4}% 17
\BOOKMARK [2][-]{subsection.4.2}{\376\377\000V\000i\000s\000u\000a\000l\000\040\000O\000v\000e\000r\000v\000i\000e\000w}{section.4}% 18
\BOOKMARK [1][-]{section.5}{\376\377\000S\000y\000m\000b\000o\000l\000\040\000T\000a\000b\000l\000e\000\040\000a\000n\000d\000\040\000S\000S\000O\000T\000\040\000C\000o\000n\000t\000r\000a\000c\000t}{}% 19
\BOOKMARK [1][-]{section.6}{\376\377\000K\000e\000y\000\040\000E\000q\000u\000a\000t\000i\000o\000n\000s\000\040\000a\000n\000d\000\040\000D\000e\000r\000i\000v\000a\000t\000i\000o\000n\000s\000\040\000\050\000v\0007\000.\0000\000\051}{}% 20
\BOOKMARK [2][-]{subsection.6.1}{\376\377\000T\000h\000e\000\040\000G\000r\000a\000v\000i\000t\000a\000t\000i\000o\000n\000a\000l\000\040\000C\000o\000u\000p\000l\000i\000n\000g\000\040\000E\000q\000u\000a\000t\000i\000o\000n\000\040\000\050\000U\000p\000d\000a\000t\000e\000d\000\051}{section.6}% 21
\BOOKMARK [2][-]{subsection.6.2}{\376\377\000T\000h\000e\000\040\000I\000n\000f\000o\000r\000m\000a\000t\000i\000o\000n\000\040\000T\000r\000a\000n\000s\000f\000e\000r\000\040\000S\000c\000a\000l\000i\000n\000g\000\040\000L\000a\000w}{section.6}% 22
\BOOKMARK [2][-]{subsection.6.3}{\376\377\000P\000o\000i\000s\000s\000o\000n\000\040\000G\000r\000a\000v\000i\000t\000y\000\040\000f\000r\000o\000m\000\040\000V\000a\000r\000i\000a\000t\000i\000o\000n\000a\000l\000\040\000P\000r\000i\000n\000c\000i\000p\000l\000e}{section.6}% 23
\BOOKMARK [1][-]{section.7}{\376\377\000C\000o\000n\000c\000l\000u\000s\000i\000o\000n\000\040\000a\000n\000d\000\040\000P\000a\000t\000h\000\040\000F\000o\000r\000w\000a\000r\000d}{}% 24
\BOOKMARK [2][-]{subsection.7.1}{\376\377\000W\000h\000a\000t\000\040\000v\0007\000.\0000\000\040\000A\000c\000h\000i\000e\000v\000e\000d}{section.7}% 25
\BOOKMARK [2][-]{subsection.7.2}{\376\377\000P\000h\000a\000s\000e\000\040\0002\000:\000\040\000N\000u\000m\000e\000r\000i\000c\000a\000l\000\040\000P\000r\000e\000c\000i\000s\000i\000o\000n}{section.7}% 26
\BOOKMARK [2][-]{subsection.7.3}{\376\377\000P\000h\000a\000s\000e\000\040\0003\000:\000\040\000T\000h\000e\000o\000r\000e\000t\000i\000c\000a\000l\000\040\000C\000o\000m\000p\000l\000e\000t\000i\000o\000n}{section.7}% 27
\BOOKMARK [2][-]{subsection.7.4}{\376\377\000T\000h\000e\000\040\000v\0007\000.\0000\000\040\000L\000e\000g\000a\000c\000y}{section.7}% 28
