\BOOKMARK [1][-]{section.1}{\376\377\000I\000n\000t\000r\000o\000d\000u\000c\000t\000i\000o\000n\000\040\000a\000n\000d\000\040\000C\000l\000a\000i\000m\000\040\000T\000a\000x\000o\000n\000o\000m\000y}{}% 1
\BOOKMARK [1][-]{section.2}{\376\377\000A\000c\000t\000i\000o\000n\000-\000I\000n\000s\000t\000a\000n\000c\000e\000\040\000S\000a\000f\000e\000t\000y\000\040\000w\000i\000t\000h\000\040\000C\000l\000e\000a\000n\000\040\000T\000y\000p\000e\000\040\000D\000e\000f\000i\000n\000i\000t\000i\000o\000n\000s}{}% 2
\BOOKMARK [2][-]{subsection.2.1}{\376\377\000C\000o\000r\000e\000\040\000T\000y\000p\000e\000\040\000D\000e\000f\000i\000n\000i\000t\000i\000o\000n\000s}{section.2}% 3
\BOOKMARK [2][-]{subsection.2.2}{\376\377\000S\000e\000p\000a\000r\000a\000t\000e\000\040\000H\000i\000s\000t\000o\000r\000y\000\040\000a\000n\000d\000\040\000A\000u\000t\000h\000o\000r\000i\000z\000a\000t\000i\000o\000n\000\040\000S\000t\000a\000t\000e}{section.2}% 4
\BOOKMARK [2][-]{subsection.2.3}{\376\377\000F\000o\000r\000m\000a\000l\000\040\000S\000t\000a\000t\000e\000\040\000M\000a\000c\000h\000i\000n\000e\000\040\000w\000i\000t\000h\000\040\000C\000l\000e\000a\000n\000\040\000S\000t\000a\000t\000e}{section.2}% 5
\BOOKMARK [1][-]{section.3}{\376\377\000F\000o\000r\000m\000a\000l\000\040\000V\000e\000r\000i\000f\000i\000c\000a\000t\000i\000o\000n\000\040\000w\000i\000t\000h\000\040\000I\000n\000d\000u\000c\000t\000i\000v\000e\000\040\000P\000r\000o\000o\000f\000\040\000S\000k\000e\000t\000c\000h}{}% 6
\BOOKMARK [2][-]{subsection.3.1}{\376\377\000B\000o\000u\000n\000d\000e\000d\000\040\000V\000e\000r\000i\000f\000i\000c\000a\000t\000i\000o\000n\000\040\000M\000o\000d\000e\000l}{section.3}% 7
\BOOKMARK [2][-]{subsection.3.2}{\376\377\000I\000n\000d\000u\000c\000t\000i\000v\000e\000\040\000I\000n\000v\000a\000r\000i\000a\000n\000t\000\040\000a\000n\000d\000\040\000B\000o\000u\000n\000d\000e\000d\000\040\000V\000e\000r\000i\000f\000i\000c\000a\000t\000i\000o\000n}{section.3}% 8
\BOOKMARK [1][-]{section.4}{\376\377\000C\000r\000y\000p\000t\000o\000g\000r\000a\000p\000h\000i\000c\000\040\000D\000e\000s\000i\000g\000n\000\040\000a\000n\000d\000\040\000A\000s\000s\000u\000m\000p\000t\000i\000o\000n\000s}{}% 9
\BOOKMARK [2][-]{subsection.4.1}{\376\377\000H\000a\000s\000h\000-\000T\000h\000e\000n\000-\000M\000A\000C\000\040\000D\000e\000s\000i\000g\000n}{section.4}% 10
\BOOKMARK [2][-]{subsection.4.2}{\376\377\000C\000a\000n\000o\000n\000i\000c\000a\000l\000i\000z\000a\000t\000i\000o\000n\000\040\000S\000p\000e\000c\000i\000f\000i\000c\000a\000t\000i\000o\000n}{section.4}% 11
\BOOKMARK [1][-]{section.5}{\376\377\000M\000o\000n\000i\000t\000o\000r\000e\000d\000\040\000A\000b\000s\000t\000r\000a\000c\000t\000i\000o\000n\000\040\000C\000o\000n\000f\000o\000r\000m\000a\000n\000c\000e}{}% 12
\BOOKMARK [1][-]{section.6}{\376\377\000E\000m\000p\000i\000r\000i\000c\000a\000l\000\040\000V\000a\000l\000i\000d\000a\000t\000i\000o\000n\000\040\000P\000r\000o\000t\000o\000c\000o\000l\000s}{}% 13
\BOOKMARK [2][-]{subsection.6.1}{\376\377\000T\000y\000p\000e\000-\000C\000o\000n\000s\000i\000s\000t\000e\000n\000t\000\040\000T\000e\000s\000t\000i\000n\000g}{section.6}% 14
\BOOKMARK [2][-]{subsection.6.2}{\376\377\000S\000t\000a\000t\000i\000s\000t\000i\000c\000a\000l\000\040\000M\000e\000t\000h\000o\000d\000s\000\040\000w\000i\000t\000h\000\040\000E\000x\000p\000l\000i\000c\000i\000t\000\040\000D\000e\000p\000e\000n\000d\000e\000n\000c\000e}{section.6}% 15
\BOOKMARK [1][-]{section.7}{\376\377\000E\000x\000p\000l\000i\000c\000i\000t\000\040\000B\000o\000u\000n\000d\000a\000r\000i\000e\000s\000\040\000a\000n\000d\000\040\000L\000i\000m\000i\000t\000a\000t\000i\000o\000n\000s}{}% 16
\BOOKMARK [2][-]{subsection.7.1}{\376\377\000V\000e\000r\000i\000f\000i\000c\000a\000t\000i\000o\000n\000\040\000B\000o\000u\000n\000d\000a\000r\000i\000e\000s}{section.7}% 17
\BOOKMARK [2][-]{subsection.7.2}{\376\377\000S\000e\000c\000u\000r\000i\000t\000y\000\040\000B\000o\000u\000n\000d\000a\000r\000i\000e\000s}{section.7}% 18
\BOOKMARK [1][-]{section.8}{\376\377\000I\000m\000p\000l\000e\000m\000e\000n\000t\000a\000t\000i\000o\000n\000\040\000a\000n\000d\000\040\000R\000e\000p\000r\000o\000d\000u\000c\000i\000b\000i\000l\000i\000t\000y}{}% 19
\BOOKMARK [2][-]{subsection.8.1}{\376\377\000V\000e\000r\000i\000f\000i\000c\000a\000t\000i\000o\000n\000\040\000A\000r\000t\000i\000f\000a\000c\000t\000s}{section.8}% 20
\BOOKMARK [2][-]{subsection.8.2}{\376\377\000C\000a\000n\000o\000n\000i\000c\000a\000l\000i\000z\000a\000t\000i\000o\000n\000\040\000I\000m\000p\000l\000e\000m\000e\000n\000t\000a\000t\000i\000o\000n}{section.8}% 21
\BOOKMARK [1][-]{section.9}{\376\377\000C\000l\000a\000i\000m\000\040\000S\000u\000m\000m\000a\000r\000y\000\040\000w\000i\000t\000h\000\040\000P\000a\000t\000c\000h\000e\000d\000\040\000T\000y\000p\000e\000\040\000D\000e\000f\000i\000n\000i\000t\000i\000o\000n\000s}{}% 22
\BOOKMARK [2][-]{subsection.9.1}{\376\377\000V\000e\000r\000i\000f\000i\000e\000d\000\040\000P\000r\000o\000p\000e\000r\000t\000i\000e\000s\000\040\000\050\000F\000i\000n\000i\000t\000e\000\040\000A\000b\000s\000t\000r\000a\000c\000t\000i\000o\000n\000\051}{section.9}% 23
\BOOKMARK [2][-]{subsection.9.2}{\376\377\000E\000m\000p\000i\000r\000i\000c\000a\000l\000\040\000M\000e\000a\000s\000u\000r\000e\000m\000e\000n\000t\000s}{section.9}% 24
\BOOKMARK [1][-]{section.10}{\376\377\000C\000o\000n\000c\000l\000u\000s\000i\000o\000n}{}% 25
